Component: ARM Compiler 5.06 update 7 (build 960) Tool: armlink [4d3601]

==============================================================================

Section Cross References

    main.o(i.main) refers to motor.o(i.Rotor_PWM_Init) for Rotor_PWM_Init
    main.o(i.main) refers to motor.o(i.Motor_and_button_Init) for Motor_and_button_Init
    main.o(i.main) refers to motor.o(i.TIM4_TimeBase_Init) for TIM4_TimeBase_Init
    main.o(i.main) refers to motor.o(i.TIM3_Encoder_Init) for TIM3_Encoder_Init
    main.o(i.main) refers to motor.o(i.TIM2_Interval_Init) for TIM2_Interval_Init
    main.o(i.main) refers to delay.o(i.SysTick_Init) for SysTick_Init
    main.o(i.main) refers to usart.o(i.My_USART1_Init) for My_USART1_Init
    main.o(i.main) refers to usart.o(i.NVIC_Configuration) for NVIC_Configuration
    main.o(i.main) refers to stm32f10x_gpio.o(i.GPIO_ResetBits) for GPIO_ResetBits
    main.o(i.main) refers to stm32f10x_gpio.o(i.GPIO_SetBits) for GPIO_SetBits
    main.o(i.main) refers to i2c.o(i.Witconfig) for Witconfig
    main.o(i.main) refers to delay.o(i.delay_ms) for delay_ms
    main.o(i.main) refers to memseta.o(.text) for __aeabi_memclr4
    main.o(i.main) refers to usart.o(i.USART2_Init) for USART2_Init
    main.o(i.main) refers to usart.o(i.USART3_Init) for USART3_Init
    main.o(i.main) refers to usart.o(i.USART2_DMA_Init) for USART2_DMA_Init
    main.o(i.main) refers to usart.o(i.USART3_DMA_Init) for USART3_DMA_Init
    main.o(i.main) refers to stm32f10x_dma.o(i.DMA_Cmd) for DMA_Cmd
    main.o(i.main) refers to i2c.o(i.Bw2Filter_Init) for Bw2Filter_Init
    main.o(i.main) refers to usart.o(i.ParseDataPacket) for ParseDataPacket
    main.o(i.main) refers to i2c.o(i.Bw2Filter_Update) for Bw2Filter_Update
    main.o(i.main) refers to i2c.o(i.Sensor_ReadData) for Sensor_ReadData
    main.o(i.main) refers to usart.o(i.USART3_DMA_Send_Config) for USART3_DMA_Send_Config
    main.o(i.main) refers to usart.o(i.USART2_DMA_Send_Config) for USART2_DMA_Send_Config
    main.o(i.main) refers to fdiv.o(.text) for __aeabi_fdiv
    main.o(i.main) refers to fadd.o(.text) for __aeabi_frsub
    main.o(i.main) refers to f2d.o(.text) for __aeabi_f2d
    main.o(i.main) refers to printfa.o(i.__0printf) for __2printf
    main.o(i.main) refers to i2c.o(i.SetMotorSpeedRPS) for SetMotorSpeedRPS
    main.o(i.main) refers to usart.o(.bss) for txPacket
    main.o(i.main) refers to main.o(.bss) for gyroZ_filter
    main.o(i.main) refers to usart.o(.data) for g_ctrlState
    main.o(i.main) refers to motor.o(.data) for Motor_Speed
    main.o(i.main) refers to main.o(.conststring) for .conststring
    system_stm32f10x.o(i.SetSysClock) refers to system_stm32f10x.o(i.SetSysClockTo72) for SetSysClockTo72
    system_stm32f10x.o(i.SystemCoreClockUpdate) refers to system_stm32f10x.o(.data) for SystemCoreClock
    system_stm32f10x.o(i.SystemInit) refers to system_stm32f10x.o(i.SetSysClock) for SetSysClock
    stm32f10x_it.o(i.SysTick_Handler) refers to delay.o(.data) for ulTicks
    startup_stm32f10x_md.o(RESET) refers to startup_stm32f10x_md.o(STACK) for __initial_sp
    startup_stm32f10x_md.o(RESET) refers to startup_stm32f10x_md.o(.text) for Reset_Handler
    startup_stm32f10x_md.o(RESET) refers to stm32f10x_it.o(i.NMI_Handler) for NMI_Handler
    startup_stm32f10x_md.o(RESET) refers to stm32f10x_it.o(i.HardFault_Handler) for HardFault_Handler
    startup_stm32f10x_md.o(RESET) refers to stm32f10x_it.o(i.MemManage_Handler) for MemManage_Handler
    startup_stm32f10x_md.o(RESET) refers to stm32f10x_it.o(i.BusFault_Handler) for BusFault_Handler
    startup_stm32f10x_md.o(RESET) refers to stm32f10x_it.o(i.UsageFault_Handler) for UsageFault_Handler
    startup_stm32f10x_md.o(RESET) refers to stm32f10x_it.o(i.SVC_Handler) for SVC_Handler
    startup_stm32f10x_md.o(RESET) refers to stm32f10x_it.o(i.DebugMon_Handler) for DebugMon_Handler
    startup_stm32f10x_md.o(RESET) refers to stm32f10x_it.o(i.PendSV_Handler) for PendSV_Handler
    startup_stm32f10x_md.o(RESET) refers to stm32f10x_it.o(i.SysTick_Handler) for SysTick_Handler
    startup_stm32f10x_md.o(RESET) refers to usart.o(i.DMA1_Channel3_IRQHandler) for DMA1_Channel3_IRQHandler
    startup_stm32f10x_md.o(RESET) refers to usart.o(i.DMA1_Channel6_IRQHandler) for DMA1_Channel6_IRQHandler
    startup_stm32f10x_md.o(RESET) refers to motor.o(i.TIM2_IRQHandler) for TIM2_IRQHandler
    startup_stm32f10x_md.o(RESET) refers to motor.o(i.TIM3_IRQHandler) for TIM3_IRQHandler
    startup_stm32f10x_md.o(RESET) refers to usart.o(i.USART1_IRQHandler) for USART1_IRQHandler
    startup_stm32f10x_md.o(RESET) refers to usart.o(i.USART2_IRQHandler) for USART2_IRQHandler
    startup_stm32f10x_md.o(RESET) refers to usart.o(i.USART3_IRQHandler) for USART3_IRQHandler
    startup_stm32f10x_md.o(.text) refers to system_stm32f10x.o(i.SystemInit) for SystemInit
    startup_stm32f10x_md.o(.text) refers to entry.o(.ARM.Collect$$$$00000000) for __main
[...]
    handlers.s                               0x00000000   Number         0  handlers.o ABSOLUTE
    init.s                                   0x00000000   Number         0  init.o ABSOLUTE
    my_lib\\delay.c                          0x00000000   Number         0  delay.o ABSOLUTE
    my_lib\delay.c                           0x00000000   Number         0  delay.o ABSOLUTE
    startup\startup_stm32f10x_md.s           0x00000000   Number         0  startup_stm32f10x_md.o ABSOLUTE
    std_periph_driver\\src\\misc.c           0x00000000   Number         0  misc.o ABSOLUTE
    std_periph_driver\\src\\stm32f10x_adc.c  0x00000000   Number         0  stm32f10x_adc.o ABSOLUTE
    std_periph_driver\\src\\stm32f10x_bkp.c  0x00000000   Number         0  stm32f10x_bkp.o ABSOLUTE
    std_periph_driver\\src\\stm32f10x_can.c  0x00000000   Number         0  stm32f10x_can.o ABSOLUTE
    std_periph_driver\\src\\stm32f10x_cec.c  0x00000000   Number         0  stm32f10x_cec.o ABSOLUTE
    std_periph_driver\\src\\stm32f10x_crc.c  0x00000000   Number         0  stm32f10x_crc.o ABSOLUTE
    std_periph_driver\\src\\stm32f10x_dac.c  0x00000000   Number         0  stm32f10x_dac.o ABSOLUTE
    std_periph_driver\\src\\stm32f10x_dbgmcu.c 0x00000000   Number         0  stm32f10x_dbgmcu.o ABSOLUTE
    std_periph_driver\\src\\stm32f10x_dma.c  0x00000000   Number         0  stm32f10x_dma.o ABSOLUTE
    std_periph_driver\\src\\stm32f10x_exti.c 0x00000000   Number         0  stm32f10x_exti.o ABSOLUTE
    std_periph_driver\\src\\stm32f10x_flash.c 0x00000000   Number         0  stm32f10x_flash.o ABSOLUTE
    std_periph_driver\\src\\stm32f10x_fsmc.c 0x00000000   Number         0  stm32f10x_fsmc.o ABSOLUTE
    std_periph_driver\\src\\stm32f10x_gpio.c 0x00000000   Number         0  stm32f10x_gpio.o ABSOLUTE
    std_periph_driver\\src\\stm32f10x_i2c.c  0x00000000   Number         0  stm32f10x_i2c.o ABSOLUTE
    std_periph_driver\\src\\stm32f10x_iwdg.c 0x00000000   Number         0  stm32f10x_iwdg.o ABSOLUTE
    std_periph_driver\\src\\stm32f10x_pwr.c  0x00000000   Number         0  stm32f10x_pwr.o ABSOLUTE
    std_periph_driver\\src\\stm32f10x_rcc.c  0x00000000   Number         0  stm32f10x_rcc.o ABSOLUTE
    std_periph_driver\\src\\stm32f10x_rtc.c  0x00000000   Number         0  stm32f10x_rtc.o ABSOLUTE
    std_periph_driver\\src\\stm32f10x_sdio.c 0x00000000   Number         0  stm32f10x_sdio.o ABSOLUTE
    std_periph_driver\\src\\stm32f10x_spi.c  0x00000000   Number         0  stm32f10x_spi.o ABSOLUTE
    std_periph_driver\\src\\stm32f10x_tim.c  0x00000000   Number         0  stm32f10x_tim.o ABSOLUTE
    std_periph_driver\\src\\stm32f10x_usart.c 0x00000000   Number         0  stm32f10x_usart.o ABSOLUTE
    std_periph_driver\\src\\stm32f10x_wwdg.c 0x00000000   Number         0  stm32f10x_wwdg.o ABSOLUTE
    std_periph_driver\src\misc.c             0x00000000   Number         0  misc.o ABSOLUTE
    std_periph_driver\src\stm32f10x_adc.c    0x00000000   Number         0  stm32f10x_adc.o ABSOLUTE
    std_periph_driver\src\stm32f10x_bkp.c    0x00000000   Number         0  stm32f10x_bkp.o ABSOLUTE
    std_periph_driver\src\stm32f10x_can.c    0x00000000   Number         0  stm32f10x_can.o ABSOLUTE
    std_periph_driver\src\stm32f10x_cec.c    0x00000000   Number         0  stm32f10x_cec.o ABSOLUTE
    std_periph_driver\src\stm32f10x_crc.c    0x00000000   Number         0  stm32f10x_crc.o ABSOLUTE
    std_periph_driver\src\stm32f10x_dac.c    0x00000000   Number         0  stm32f10x_dac.o ABSOLUTE
    std_periph_driver\src\stm32f10x_dbgmcu.c 0x00000000   Number         0  stm32f10x_dbgmcu.o ABSOLUTE
    std_periph_driver\src\stm32f10x_dma.c    0x00000000   Number         0  stm32f10x_dma.o ABSOLUTE
    std_periph_driver\src\stm32f10x_exti.c   0x00000000   Number         0  stm32f10x_exti.o ABSOLUTE
    std_periph_driver\src\stm32f10x_flash.c  0x00000000   Number         0  stm32f10x_flash.o ABSOLUTE
    std_periph_driver\src\stm32f10x_fsmc.c   0x00000000   Number         0  stm32f10x_fsmc.o ABSOLUTE
    std_periph_driver\src\stm32f10x_gpio.c   0x00000000   Number         0  stm32f10x_gpio.o ABSOLUTE
    std_periph_driver\src\stm32f10x_i2c.c    0x00000000   Number         0  stm32f10x_i2c.o ABSOLUTE
    std_periph_driver\src\stm32f10x_iwdg.c   0x00000000   Number         0  stm32f10x_iwdg.o ABSOLUTE
    std_periph_driver\src\stm32f10x_pwr.c    0x00000000   Number         0  stm32f10x_pwr.o ABSOLUTE
    std_periph_driver\src\stm32f10x_rcc.c    0x00000000   Number         0  stm32f10x_rcc.o ABSOLUTE
    std_periph_driver\src\stm32f10x_rtc.c    0x00000000   Number         0  stm32f10x_rtc.o ABSOLUTE
    std_periph_driver\src\stm32f10x_sdio.c   0x00000000   Number         0  stm32f10x_sdio.o ABSOLUTE
    std_periph_driver\src\stm32f10x_spi.c    0x00000000   Number         0  stm32f10x_spi.o ABSOLUTE
    std_periph_driver\src\stm32f10x_tim.c    0x00000000   Number         0  stm32f10x_tim.o ABSOLUTE
    std_periph_driver\src\stm32f10x_usart.c  0x00000000   Number         0  stm32f10x_usart.o ABSOLUTE
    std_periph_driver\src\stm32f10x_wwdg.c   0x00000000   Number         0  stm32f10x_wwdg.o ABSOLUTE
    user\I2C.c                               0x00000000   Number         0  i2c.o ABSOLUTE
    user\USART.c                             0x00000000   Number         0  usart.o ABSOLUTE
    user\\I2C.c                              0x00000000   Number         0  i2c.o ABSOLUTE
    user\\USART.c                            0x00000000   Number         0  usart.o ABSOLUTE
    user\\main.c                             0x00000000   Number         0  main.o ABSOLUTE
    user\\motor.c                            0x00000000   Number         0  motor.o ABSOLUTE
    user\\stm32f10x_it.c                     0x00000000   Number         0  stm32f10x_it.o ABSOLUTE
    user\\system_stm32f10x.c                 0x00000000   Number         0  system_stm32f10x.o ABSOLUTE
    user\copewit.c                           0x00000000   Number         0  copewit.o ABSOLUTE
    user\main.c                              0x00000000   Number         0  main.o ABSOLUTE
    user\motor.c                             0x00000000   Number         0  motor.o ABSOLUTE
    user\stm32f10x_it.c                      0x00000000   Number         0  stm32f10x_it.o ABSOLUTE
    user\system_stm32f10x.c                  0x00000000   Number         0  system_stm32f10x.o ABSOLUTE
    RESET                                    0x08000000   Section      236  startup_stm32f10x_md.o(RESET)
    .ARM.Collect$$$$00000000                 0x080000ec   Section        0  entry.o(.ARM.Collect$$$$00000000)
    .ARM.Collect$$$$00000001                 0x080000ec   Section        4  entry2.o(.ARM.Collect$$$$00000001)
    .ARM.Collect$$$$00000004                 0x080000f0   Section        4  entry5.o(.ARM.Collect$$$$00000004)
    .ARM.Collect$$$$00000008                 0x080000f4   Section        0  entry7b.o(.ARM.Collect$$$$00000008)
    .ARM.Collect$$$$0000000A                 0x080000f4   Section        0  entry8b.o(.ARM.Collect$$$$0000000A)
    .ARM.Collect$$$$0000000B                 0x080000f4   Section        8  entry9a.o(.ARM.Collect$$$$0000000B)
    .ARM.Collect$$$$0000000E                 0x080000fc   Section        4  entry12b.o(.ARM.Collect$$$$0000000E)
    .ARM.Collect$$$$0000000F                 0x08000100   Section        0  entry10a.o(.ARM.Collect$$$$0000000F)
    .ARM.Collect$$$$00000011                 0x08000100   Section        0  entry11a.o(.ARM.Collect$$$$00000011)
    .ARM.Collect$$$$00002712                 0x08000100   Section        4  entry2.o(.ARM.Collect$$$$00002712)
    __lit__00000000                          0x08000100   Data           4  entry2.o(.ARM.Collect$$$$00002712)
    .text                                    0x08000104   Section       36  startup_stm32f10x_md.o(.text)
    .text                                    0x08000128   Section        0  memmovea.o(.text)
    .text                                    0x08000168   Section        0  memseta.o(.text)
    .text                                    0x0800018c   Section        0  memcmp.o(.text)
    .text                                    0x080001a6   Section        0  fadd.o(.text)
    .text                                    0x08000256   Section        0  fmul.o(.text)
    .text                                    0x080002ba   Section        0  fdiv.o(.text)
    .text                                    0x08000336   Section        0  dadd.o(.text)
    .text                                    0x08000484   Section        0  dmul.o(.text)
    .text                                    0x08000568   Section        0  ddiv.o(.text)
    .text                                    0x08000646   Section        0  fflti.o(.text)
    .text                                    0x08000658   Section        0  ffltui.o(.text)
    .text                                    0x08000662   Section        0  ffixui.o(.text)
    .text                                    0x0800068a   Section        0  f2d.o(.text)
    .text                                    0x080006b0   Section        0  d2f.o(.text)
    .text                                    0x080006e8   Section       20  cfcmple.o(.text)
    .text                                    0x080006fc   Section       20  cfrcmple.o(.text)
    .text                                    0x08000710   Section        0  uidiv.o(.text)
    .text                                    0x0800073c   Section        0  uldiv.o(.text)
    .text                                    0x0800079e   Section        0  llshl.o(.text)
    .text                                    0x080007bc   Section        0  llsshr.o(.text)
    .text                                    0x080007e0   Section        0  fepilogue.o(.text)
    .text                                    0x080007e0   Section        0  iusefp.o(.text)
    .text                                    0x0800084e   Section        0  fsqrt.o(.text)
    .text                                    0x080008ac   Section        0  frnd.o(.text)
    .text                                    0x080008e8   Section        0  depilogue.o(.text)
    .text                                    0x080009a2   Section        0  ffixi.o(.text)
    .text                                    0x080009d4   Section        0  dfixul.o(.text)
    .text                                    0x08000a04   Section       48  cdrcmple.o(.text)
    .text                                    0x08000a34   Section       36  init.o(.text)
    .text                                    0x08000a58   Section        0  llushr.o(.text)
    .text                                    0x08000a78   Section        0  fscalb.o(.text)
    i.AutoScanSensor                         0x08000a90   Section        0  i2c.o(i.AutoScanSensor)
    AutoScanSensor                           0x08000a91   Thumb Code    82  i2c.o(i.AutoScanSensor)
    i.BusFault_Handler                       0x08000b38   Section        0  stm32f10x_it.o(i.BusFault_Handler)
    i.ButterworthFilter                      0x08000b3c   Section        0  i2c.o(i.ButterworthFilter)
    i.Bw2Filter_Init                         0x08000bcc   Section        0  i2c.o(i.Bw2Filter_Init)
    i.Bw2Filter_Update                       0x08000c88   Section        0  i2c.o(i.Bw2Filter_Update)
    i.ControlMotorSpeed_PI                   0x08000cf4   Section        0  i2c.o(i.ControlMotorSpeed_PI)
    i.CopeCmdData                            0x08000dfc   Section        0  usart.o(i.CopeCmdData)
    i.CopeSensorData                         0x08000f00   Section        0  i2c.o(i.CopeSensorData)
    CopeSensorData                           0x08000f01   Thumb Code    70  i2c.o(i.CopeSensorData)
    i.DMA1_Channel3_IRQHandler               0x08000f4c   Section        0  usart.o(i.DMA1_Channel3_IRQHandler)
    i.DMA1_Channel6_IRQHandler               0x08000f94   Section        0  usart.o(i.DMA1_Channel6_IRQHandler)
    i.DMA_ClearFlag                          0x08000fdc   Section        0  stm32f10x_dma.o(i.DMA_ClearFlag)
    i.DMA_ClearITPendingBit                  0x08000ff8   Section        0  stm32f10x_dma.o(i.DMA_ClearITPendingBit)
    i.DMA_Cmd                                0x08001014   Section        0  stm32f10x_dma.o(i.DMA_Cmd)
    i.DMA_DeInit                             0x0800102c   Section        0  stm32f10x_dma.o(i.DMA_DeInit)
    i.DMA_GetCurrDataCounter                 0x08001178   Section        0  stm32f10x_dma.o(i.DMA_GetCurrDataCounter)
    i.DMA_GetITStatus                        0x08001180   Section        0  stm32f10x_dma.o(i.DMA_GetITStatus)
    i.DMA_ITConfig                           0x080011ac   Section        0  stm32f10x_dma.o(i.DMA_ITConfig)
    i.DMA_Init                               0x080011be   Section        0  stm32f10x_dma.o(i.DMA_Init)
    i.DMA_SetCurrDataCounter                 0x080011fa   Section        0  stm32f10x_dma.o(i.DMA_SetCurrDataCounter)
    i.DebugMon_Handler                       0x080011fe   Section        0  stm32f10x_it.o(i.DebugMon_Handler)
    i.Delay                                  0x08001200   Section        0  delay.o(i.Delay)
    i.Delayms                                0x0800120e   Section        0  i2c.o(i.Delayms)
    Delayms                                  0x0800120f   Thumb Code    12  i2c.o(i.Delayms)
    i.GPIO_Init                              0x0800121a   Section        0  stm32f10x_gpio.o(i.GPIO_Init)
    i.GPIO_ResetBits                         0x08001330   Section        0  stm32f10x_gpio.o(i.GPIO_ResetBits)
    i.GPIO_SetBits                           0x08001334   Section        0  stm32f10x_gpio.o(i.GPIO_SetBits)
    i.HardFault_Handler                      0x08001338   Section        0  stm32f10x_it.o(i.HardFault_Handler)
    i.IIC_Ack                                0x0800133c   Section        0  i2c.o(i.IIC_Ack)
    i.IIC_Init                               0x0800138c   Section        0  i2c.o(i.IIC_Init)
    i.IIC_NAck                               0x080013e4   Section        0  i2c.o(i.IIC_NAck)
    i.IIC_Read_Byte                          0x08001434   Section        0  i2c.o(i.IIC_Read_Byte)
    i.IIC_Recover                            0x080014a4   Section        0  i2c.o(i.IIC_Recover)
    i.IIC_Send_Byte                          0x08001504   Section        0  i2c.o(i.IIC_Send_Byte)
    i.IIC_Start                              0x0800156c   Section        0  i2c.o(i.IIC_Start)
    i.IIC_Stop                               0x080015b8   Section        0  i2c.o(i.IIC_Stop)
    i.IIC_Wait_Ack                           0x08001604   Section        0  i2c.o(i.IIC_Wait_Ack)
    i.IICreadBytes                           0x08001674   Section        0  i2c.o(i.IICreadBytes)
    i.IICwriteBytes                          0x080016ee   Section        0  i2c.o(i.IICwriteBytes)
    i.InitializeButterworthFilter            0x0800174a   Section        0  i2c.o(i.InitializeButterworthFilter)
    i.InitializeFilters                      0x08001758   Section        0  i2c.o(i.InitializeFilters)
    i.MemManage_Handler                      0x08001770   Section        0  stm32f10x_it.o(i.MemManage_Handler)
    i.Motor_and_button_Init                  0x08001774   Section        0  motor.o(i.Motor_and_button_Init)
    i.My_USART1_Init                         0x080017d0   Section        0  usart.o(i.My_USART1_Init)
    i.NMI_Handler                            0x08001888   Section        0  stm32f10x_it.o(i.NMI_Handler)
    i.NVIC_Configuration                     0x0800188c   Section        0  usart.o(i.NVIC_Configuration)
    i.NVIC_Init                              0x080018fc   Section        0  misc.o(i.NVIC_Init)
    i.NVIC_PriorityGroupConfig               0x0800196c   Section        0  misc.o(i.NVIC_PriorityGroupConfig)
    i.ParseDataPacket                        0x08001980   Section        0  usart.o(i.ParseDataPacket)
    i.PendSV_Handler                         0x08001a18   Section        0  stm32f10x_it.o(i.PendSV_Handler)
    i.RCC_AHBPeriphClockCmd                  0x08001a1c   Section        0  stm32f10x_rcc.o(i.RCC_AHBPeriphClockCmd)
    i.RCC_APB1PeriphClockCmd                 0x08001a3c   Section        0  stm32f10x_rcc.o(i.RCC_APB1PeriphClockCmd)
    i.RCC_APB2PeriphClockCmd                 0x08001a5c   Section        0  stm32f10x_rcc.o(i.RCC_APB2PeriphClockCmd)
    i.RCC_GetClocksFreq                      0x08001a7c   Section        0  stm32f10x_rcc.o(i.RCC_GetClocksFreq)
    i.Rotor_PWM_Init                         0x08001b50   Section        0  motor.o(i.Rotor_PWM_Init)
    i.SVC_Handler                            0x08001be0   Section        0  stm32f10x_it.o(i.SVC_Handler)
    i.Sensor_ReadData                        0x08001be4   Section        0  i2c.o(i.Sensor_ReadData)
    i.SetMotorSpeedRPS                       0x08001d34   Section        0  i2c.o(i.SetMotorSpeedRPS)
    i.SetSysClock                            0x08001f08   Section        0  system_stm32f10x.o(i.SetSysClock)
    SetSysClock                              0x08001f09   Thumb Code     8  system_stm32f10x.o(i.SetSysClock)
    i.SetSysClockTo72                        0x08001f10   Section        0  system_stm32f10x.o(i.SetSysClockTo72)
    SetSysClockTo72                          0x08001f11   Thumb Code   214  system_stm32f10x.o(i.SetSysClockTo72)
    i.SysTick_CLKSourceConfig                0x08001ff0   Section        0  misc.o(i.SysTick_CLKSourceConfig)
    i.SysTick_Handler                        0x08002018   Section        0  stm32f10x_it.o(i.SysTick_Handler)
    i.SysTick_Init                           0x08002030   Section        0  delay.o(i.SysTick_Init)
    i.SystemInit                             0x08002074   Section        0  system_stm32f10x.o(i.SystemInit)
    i.TI1_Config                             0x080020d4   Section        0  stm32f10x_tim.o(i.TI1_Config)
    TI1_Config                               0x080020d5   Thumb Code   108  stm32f10x_tim.o(i.TI1_Config)
    i.TI2_Config                             0x08002154   Section        0  stm32f10x_tim.o(i.TI2_Config)
    TI2_Config                               0x08002155   Thumb Code   130  stm32f10x_tim.o(i.TI2_Config)
    i.TI3_Config                             0x080021ec   Section        0  stm32f10x_tim.o(i.TI3_Config)
    TI3_Config                               0x080021ed   Thumb Code   122  stm32f10x_tim.o(i.TI3_Config)
    i.TI4_Config                             0x0800227c   Section        0  stm32f10x_tim.o(i.TI4_Config)
    TI4_Config                               0x0800227d   Thumb Code   130  stm32f10x_tim.o(i.TI4_Config)
    i.TIM2_IRQHandler                        0x08002314   Section        0  motor.o(i.TIM2_IRQHandler)
    i.TIM2_Interval_Init                     0x0800232c   Section        0  motor.o(i.TIM2_Interval_Init)
    i.TIM3_Encoder_Init                      0x080023a8   Section        0  motor.o(i.TIM3_Encoder_Init)
    i.TIM3_IRQHandler                        0x08002484   Section        0  motor.o(i.TIM3_IRQHandler)
    i.TIM4_TimeBase_Init                     0x08002564   Section        0  motor.o(i.TIM4_TimeBase_Init)
    i.TIM_ARRPreloadConfig                   0x080025a0   Section        0  stm32f10x_tim.o(i.TIM_ARRPreloadConfig)
    i.TIM_ClearFlag                          0x080025b8   Section        0  stm32f10x_tim.o(i.TIM_ClearFlag)
    i.TIM_ClearITPendingBit                  0x080025be   Section        0  stm32f10x_tim.o(i.TIM_ClearITPendingBit)
    i.TIM_Cmd                                0x080025c4   Section        0  stm32f10x_tim.o(i.TIM_Cmd)
    i.TIM_CtrlPWMOutputs                     0x080025dc   Section        0  stm32f10x_tim.o(i.TIM_CtrlPWMOutputs)
    i.TIM_EncoderInterfaceConfig             0x080025fa   Section        0  stm32f10x_tim.o(i.TIM_EncoderInterfaceConfig)
    i.TIM_GetCounter                         0x0800263c   Section        0  stm32f10x_tim.o(i.TIM_GetCounter)
    i.TIM_GetITStatus                        0x08002642   Section        0  stm32f10x_tim.o(i.TIM_GetITStatus)
    i.TIM_ICInit                             0x08002664   Section        0  stm32f10x_tim.o(i.TIM_ICInit)
    i.TIM_ICStructInit                       0x08002710   Section        0  stm32f10x_tim.o(i.TIM_ICStructInit)
    i.TIM_ITConfig                           0x08002722   Section        0  stm32f10x_tim.o(i.TIM_ITConfig)
    i.TIM_InternalClockConfig                0x08002734   Section        0  stm32f10x_tim.o(i.TIM_InternalClockConfig)
    i.TIM_OC1Init                            0x08002740   Section        0  stm32f10x_tim.o(i.TIM_OC1Init)
    i.TIM_SetCompare1                        0x080027d8   Section        0  stm32f10x_tim.o(i.TIM_SetCompare1)
    i.TIM_SetIC1Prescaler                    0x080027dc   Section        0  stm32f10x_tim.o(i.TIM_SetIC1Prescaler)
    i.TIM_SetIC2Prescaler                    0x080027ee   Section        0  stm32f10x_tim.o(i.TIM_SetIC2Prescaler)
    i.TIM_SetIC3Prescaler                    0x08002808   Section        0  stm32f10x_tim.o(i.TIM_SetIC3Prescaler)
    i.TIM_SetIC4Prescaler                    0x0800281a   Section        0  stm32f10x_tim.o(i.TIM_SetIC4Prescaler)
    i.TIM_TimeBaseInit                       0x08002834   Section        0  stm32f10x_tim.o(i.TIM_TimeBaseInit)
    i.USART1_IRQHandler                      0x080028d8   Section        0  usart.o(i.USART1_IRQHandler)
    i.USART2_DMA_Init                        0x08002914   Section        0  usart.o(i.USART2_DMA_Init)
    i.USART2_DMA_Send_Config                 0x080029c0   Section        0  usart.o(i.USART2_DMA_Send_Config)
    i.USART2_IRQHandler                      0x08002a00   Section        0  usart.o(i.USART2_IRQHandler)
    i.USART2_Init                            0x08002a04   Section        0  usart.o(i.USART2_Init)
    i.USART3_DMA_Init                        0x08002aa8   Section        0  usart.o(i.USART3_DMA_Init)
    i.USART3_DMA_Send_Config                 0x08002b54   Section        0  usart.o(i.USART3_DMA_Send_Config)
    i.USART3_IRQHandler                      0x08002b94   Section        0  usart.o(i.USART3_IRQHandler)
    i.USART3_Init                            0x08002b98   Section        0  usart.o(i.USART3_Init)
    i.USART_ClearFlag                        0x08002c44   Section        0  stm32f10x_usart.o(i.USART_ClearFlag)
    i.USART_ClearITPendingBit                0x08002c56   Section        0  stm32f10x_usart.o(i.USART_ClearITPendingBit)
    i.USART_Cmd                              0x08002c74   Section        0  stm32f10x_usart.o(i.USART_Cmd)
    i.USART_DMACmd                           0x08002c8c   Section        0  stm32f10x_usart.o(i.USART_DMACmd)
    i.USART_GetFlagStatus                    0x08002c9e   Section        0  stm32f10x_usart.o(i.USART_GetFlagStatus)
    i.USART_GetITStatus                      0x08002cb8   Section        0  stm32f10x_usart.o(i.USART_GetITStatus)
    i.USART_ITConfig                         0x08002d0c   Section        0  stm32f10x_usart.o(i.USART_ITConfig)
    i.USART_Init                             0x08002d58   Section        0  stm32f10x_usart.o(i.USART_Init)
    i.USART_ReceiveData                      0x08002e30   Section        0  stm32f10x_usart.o(i.USART_ReceiveData)
    i.USART_SendData                         0x08002e3a   Section        0  stm32f10x_usart.o(i.USART_SendData)
    i.UsageFault_Handler                     0x08002e42   Section        0  stm32f10x_it.o(i.UsageFault_Handler)
    i.WitDelayMsRegister                     0x08002e48   Section        0  i2c.o(i.WitDelayMsRegister)
    i.WitI2cFuncRegister                     0x08002e60   Section        0  i2c.o(i.WitI2cFuncRegister)
    i.WitInit                                0x08002e88   Section        0  i2c.o(i.WitInit)
    i.WitReadReg                             0x08002eb4   Section        0  i2c.o(i.WitReadReg)
    i.WitRegisterCallBack                    0x08002f7c   Section        0  i2c.o(i.WitRegisterCallBack)
    i.Witconfig                              0x08002f94   Section        0  i2c.o(i.Witconfig)
    i.__0printf                              0x08002fec   Section        0  printfa.o(i.__0printf)
    i.__ARM_fpclassifyf                      0x0800300c   Section        0  fpclassifyf.o(i.__ARM_fpclassifyf)
    i.__mathlib_flt_infnan                   0x08003032   Section        0  funder.o(i.__mathlib_flt_infnan)
    i.__mathlib_flt_invalid                  0x08003038   Section        0  funder.o(i.__mathlib_flt_invalid)
    i.__mathlib_flt_underflow                0x08003040   Section        0  funder.o(i.__mathlib_flt_underflow)
    i.__mathlib_rredf2                       0x0800304c   Section        0  rredf.o(i.__mathlib_rredf2)
    i.__scatterload_copy                     0x080031b4   Section       14  handlers.o(i.__scatterload_copy)
    i.__scatterload_null                     0x080031c2   Section        2  handlers.o(i.__scatterload_null)
    i.__scatterload_zeroinit                 0x080031c4   Section       14  handlers.o(i.__scatterload_zeroinit)
    i.__set_errno                            0x080031d4   Section        0  errno.o(i.__set_errno)
    i._fp_digits                             0x080031e0   Section        0  printfa.o(i._fp_digits)
    _fp_digits                               0x080031e1   Thumb Code   366  printfa.o(i._fp_digits)
    i._printf_core                           0x08003364   Section        0  printfa.o(i._printf_core)
    _printf_core                             0x08003365   Thumb Code  1704  printfa.o(i._printf_core)
    i._printf_post_padding                   0x08003a18   Section        0  printfa.o(i._printf_post_padding)
    _printf_post_padding                     0x08003a19   Thumb Code    36  printfa.o(i._printf_post_padding)
    i._printf_pre_padding                    0x08003a3c   Section        0  printfa.o(i._printf_pre_padding)
    _printf_pre_padding                      0x08003a3d   Thumb Code    46  printfa.o(i._printf_pre_padding)
    i.calculate_crc                          0x08003a6a   Section        0  usart.o(i.calculate_crc)
    i.cosf                                   0x08003a78   Section        0  cosf.o(i.cosf)
    i.crc8                                   0x08003bf4   Section        0  usart.o(i.crc8)
    i.delay_ms                               0x08003c14   Section        0  delay.o(i.delay_ms)
    i.fputc                                  0x08003c60   Section        0  usart.o(i.fputc)
    i.get_diff_gain                          0x08003c84   Section        0  i2c.o(i.get_diff_gain)
    get_diff_gain                            0x08003c85   Thumb Code    66  i2c.o(i.get_diff_gain)
    i.main                                   0x08003ccc   Section        0  main.o(i.main)
    i.sinf                                   0x08004040   Section        0  sinf.o(i.sinf)
    i.sqrtf                                  0x080041c8   Section        0  sqrtf.o(i.sqrtf)
    .constdata                               0x080041f4   Section      256  usart.o(.constdata)
    crc8_table                               0x080041f4   Data         256  usart.o(.constdata)
    .constdata                               0x080042f4   Section       52  i2c.o(.constdata)
    DIFF_TAB                                 0x080042f8   Data          48  i2c.o(.constdata)
    .constdata                               0x08004328   Section       32  rredf.o(.constdata)
    twooverpi                                0x08004328   Data          32  rredf.o(.constdata)
    .conststring                             0x08004348   Section      109  main.o(.conststring)
    .conststring                             0x080043b8   Section       88  i2c.o(.conststring)
    .data                                    0x20000000   Section       20  system_stm32f10x.o(.data)
    .data                                    0x20000014   Section       20  stm32f10x_rcc.o(.data)
    APBAHBPrescTable                         0x20000014   Data          16  stm32f10x_rcc.o(.data)
    ADCPrescTable                            0x20000024   Data           4  stm32f10x_rcc.o(.data)
    .data                                    0x20000028   Section       16  delay.o(.data)
    fac_us                                   0x20000030   Data           2  delay.o(.data)
    fac_ms                                   0x20000032   Data           2  delay.o(.data)
    sv_uiDelay                               0x20000034   Data           4  delay.o(.data)
    .data                                    0x20000038   Section       14  usart.o(.data)
    s_cCmd                                   0x20000040   Data           1  usart.o(.data)
    s_ucCmdBuffer                            0x20000042   Data           3  usart.o(.data)
    s_ucIndex                                0x20000045   Data           1  usart.o(.data)
    .data                                    0x20000048   Section       29  motor.o(.data)
    last_encoder                             0x2000004c   Data           2  motor.o(.data)
    last_time1                               0x20000050   Data           4  motor.o(.data)
    last_counter                             0x20000054   Data           2  motor.o(.data)
    total_pulses                             0x20000058   Data           4  motor.o(.data)
    button_state                             0x20000064   Data           1  motor.o(.data)
    .data                                    0x20000068   Section      144  i2c.o(.data)
    p_WitI2cWriteFunc                        0x20000068   Data           4  i2c.o(.data)
    p_WitI2cReadFunc                         0x2000006c   Data           4  i2c.o(.data)
    p_WitRegUpdateCbFunc                     0x20000070   Data           4  i2c.o(.data)
    p_WitDelaymsFunc                         0x20000074   Data           4  i2c.o(.data)
    s_ucAddr                                 0x20000078   Data           1  i2c.o(.data)
    s_uiWitDataCnt                           0x2000007c   Data           4  i2c.o(.data)
    s_uiProtoclo                             0x20000080   Data           4  i2c.o(.data)
    s_uiReadRegIndex                         0x20000084   Data           4  i2c.o(.data)
    b0                                       0x20000094   Data           4  i2c.o(.data)
    b1                                       0x20000098   Data           4  i2c.o(.data)
    b2                                       0x2000009c   Data           4  i2c.o(.data)
    a1                                       0x200000a0   Data           4  i2c.o(.data)
    a2                                       0x200000a4   Data           4  i2c.o(.data)
    ramp_target                              0x200000f0   Data           4  i2c.o(.data)
    c123                                     0x200000f4   Data           4  i2c.o(.data)
    .data                                    0x200000f8   Section        4  stdout.o(.data)
    .data                                    0x200000fc   Section        4  errno.o(.data)
    _errno                                   0x200000fc   Data           4  errno.o(.data)
    .bss                                     0x20000100   Section      144  main.o(.bss)
    gyroZ_filter                             0x20000100   Data          36  main.o(.bss)
    speed1_filter                            0x20000124   Data          36  main.o(.bss)
    speed2_filter                            0x20000148   Data          36  main.o(.bss)
    motor_filter                             0x2000016c   Data          36  main.o(.bss)
    .bss                                     0x20000190   Section     2190  usart.o(.bss)
    .bss                                     0x20000a20   Section      576  i2c.o(.bss)
    s_ucWitDataBuff                          0x20000a20   Data         256  i2c.o(.bss)
    STACK                                    0x20000c60   Section     4096  startup_stm32f10x_md.o(STACK)

    Global Symbols

    Symbol Name                              Value     Ov Type        Size  Object(Section)

    BuildAttributes$$THM_ISAv4$P$D$K$B$S$PE$A:L22UL41UL21$X:L11$S22US41US21$IEEE1$IW$USESV6$~STKCKD$USESV7$~SHL$OTIME$ROPI$IEEEX$EBA8$MICROLIB$REQ8$PRES8$EABIv2 0x00000000   Number         0  anon$$obj.o ABSOLUTE
    __ARM_use_no_argv                        0x00000000   Number         0  main.o ABSOLUTE
    _printf_a                                0x00000000   Number         0  stubs.o ABSOLUTE
    _printf_c                                0x00000000   Number         0  stubs.o ABSOLUTE
    _printf_charcount                        0x00000000   Number         0  stubs.o ABSOLUTE
    _printf_d                                0x00000000   Number         0  stubs.o ABSOLUTE
    _printf_e                                0x00000000   Number         0  stubs.o ABSOLUTE
    _printf_f                                0x00000000   Number         0  stubs.o ABSOLUTE
    _printf_flags                            0x00000000   Number         0  stubs.o ABSOLUTE
    _printf_fp_dec                           0x00000000   Number         0  stubs.o ABSOLUTE
    _printf_fp_hex                           0x00000000   Number         0  stubs.o ABSOLUTE
    _printf_g                                0x00000000   Number         0  stubs.o ABSOLUTE
    _printf_i                                0x00000000   Number         0  stubs.o ABSOLUTE
    _printf_int_dec                          0x00000000   Number         0  stubs.o ABSOLUTE
    _printf_l                                0x00000000   Number         0  stubs.o ABSOLUTE
    _printf_lc                               0x00000000   Number         0  stubs.o ABSOLUTE
    _printf_ll                               0x00000000   Number         0  stubs.o ABSOLUTE
    _printf_lld                              0x00000000   Number         0  stubs.o ABSOLUTE
    _printf_lli                              0x00000000   Number         0  stubs.o ABSOLUTE
    _printf_llo                              0x00000000   Number         0  stubs.o ABSOLUTE
    _printf_llu                              0x00000000   Number         0  stubs.o ABSOLUTE
    _printf_llx                              0x00000000   Number         0  stubs.o ABSOLUTE
    _printf_longlong_dec                     0x00000000   Number         0  stubs.o ABSOLUTE
    _printf_longlong_hex                     0x00000000   Number         0  stubs.o ABSOLUTE
    _printf_longlong_oct                     0x00000000   Number         0  stubs.o ABSOLUTE
    _printf_ls                               0x00000000   Number         0  stubs.o ABSOLUTE
    _printf_mbtowc                           0x00000000   Number         0  stubs.o ABSOLUTE
    _printf_n                                0x00000000   Number         0  stubs.o ABSOLUTE
    _printf_o                                0x00000000   Number         0  stubs.o ABSOLUTE
    _printf_p                                0x00000000   Number         0  stubs.o ABSOLUTE
    _printf_percent                          0x00000000   Number         0  stubs.o ABSOLUTE
    _printf_pre_padding                      0x00000000   Number         0  stubs.o ABSOLUTE
    _printf_return_value                     0x00000000   Number         0  stubs.o ABSOLUTE
    _printf_s                                0x00000000   Number         0  stubs.o ABSOLUTE
    _printf_sizespec                         0x00000000   Number         0  stubs.o ABSOLUTE
    _printf_str                              0x00000000   Number         0  stubs.o ABSOLUTE
    _printf_truncate_signed                  0x00000000   Number         0  stubs.o ABSOLUTE
    _printf_truncate_unsigned                0x00000000   Number         0  stubs.o ABSOLUTE
    _printf_u                                0x00000000   Number         0  stubs.o ABSOLUTE
    _printf_wc                               0x00000000   Number         0  stubs.o ABSOLUTE
    _printf_wctomb                           0x00000000   Number         0  stubs.o ABSOLUTE
    _printf_widthprec                        0x00000000   Number         0  stubs.o ABSOLUTE
    _printf_x                                0x00000000   Number         0  stubs.o ABSOLUTE
    __arm_fini_                               - Undefined Weak Reference
    __cpp_initialize__aeabi_                  - Undefined Weak Reference
    __cxa_finalize                            - Undefined Weak Reference
    __decompress                              - Undefined Weak Reference
    _clock_init                               - Undefined Weak Reference
    _microlib_exit                            - Undefined Weak Reference
    __Vectors_Size                           0x000000ec   Number         0  startup_stm32f10x_md.o ABSOLUTE
    __Vectors                                0x08000000   Data           4  startup_stm32f10x_md.o(RESET)
    __Vectors_End                            0x080000ec   Data           0  startup_stm32f10x_md.o(RESET)
    __main                                   0x080000ed   Thumb Code     0  entry.o(.ARM.Collect$$$$00000000)
    _main_stk                                0x080000ed   Thumb Code     0  entry2.o(.ARM.Collect$$$$00000001)
    _main_scatterload                        0x080000f1   Thumb Code     0  entry5.o(.ARM.Collect$$$$00000004)
    __main_after_scatterload                 0x080000f5   Thumb Code     0  entry5.o(.ARM.Collect$$$$00000004)
    _main_clock                              0x080000f5   Thumb Code     0  entry7b.o(.ARM.Collect$$$$00000008)
    _main_cpp_init                           0x080000f5   Thumb Code     0  entry8b.o(.ARM.Collect$$$$0000000A)
    _main_init                               0x080000f5   Thumb Code     0  entry9a.o(.ARM.Collect$$$$0000000B)
    __rt_lib_shutdown_fini                   0x080000fd   Thumb Code     0  entry12b.o(.ARM.Collect$$$$0000000E)
    __rt_final_cpp                           0x08000101   Thumb Code     0  entry10a.o(.ARM.Collect$$$$0000000F)
    __rt_final_exit                          0x08000101   Thumb Code     0  entry11a.o(.ARM.Collect$$$$00000011)
    Reset_Handler                            0x08000105   Thumb Code     8  startup_stm32f10x_md.o(.text)
    ADC1_2_IRQHandler                        0x0800011f   Thumb Code     0  startup_stm32f10x_md.o(.text)
    CAN1_RX1_IRQHandler                      0x0800011f   Thumb Code     0  startup_stm32f10x_md.o(.text)
    CAN1_SCE_IRQHandler                      0x0800011f   Thumb Code     0  startup_stm32f10x_md.o(.text)
    DMA1_Channel1_IRQHandler                 0x0800011f   Thumb Code     0  startup_stm32f10x_md.o(.text)
    DMA1_Channel2_IRQHandler                 0x0800011f   Thumb Code     0  startup_stm32f10x_md.o(.text)
    DMA1_Channel4_IRQHandler                 0x0800011f   Thumb Code     0  startup_stm32f10x_md.o(.text)
    DMA1_Channel5_IRQHandler                 0x0800011f   Thumb Code     0  startup_stm32f10x_md.o(.text)
    DMA1_Channel7_IRQHandler                 0x0800011f   Thumb Code     0  startup_stm32f10x_md.o(.text)
    EXTI0_IRQHandler                         0x0800011f   Thumb Code     0  startup_stm32f10x_md.o(.text)
    EXTI15_10_IRQHandler                     0x0800011f   Thumb Code     0  startup_stm32f10x_md.o(.text)
    EXTI1_IRQHandler                         0x0800011f   Thumb Code     0  startup_stm32f10x_md.o(.text)
    EXTI2_IRQHandler                         0x0800011f   Thumb Code     0  startup_stm32f10x_md.o(.text)
    EXTI3_IRQHandler                         0x0800011f   Thumb Code     0  startup_stm32f10x_md.o(.text)
    EXTI4_IRQHandler                         0x0800011f   Thumb Code     0  startup_stm32f10x_md.o(.text)
    EXTI9_5_IRQHandler                       0x0800011f   Thumb Code     0  startup_stm32f10x_md.o(.text)
    FLASH_IRQHandler                         0x0800011f   Thumb Code     0  startup_stm32f10x_md.o(.text)
    I2C1_ER_IRQHandler                       0x0800011f   Thumb Code     0  startup_stm32f10x_md.o(.text)
    I2C1_EV_IRQHandler                       0x0800011f   Thumb Code     0  startup_stm32f10x_md.o(.text)
    I2C2_ER_IRQHandler                       0x0800011f   Thumb Code     0  startup_stm32f10x_md.o(.text)
    I2C2_EV_IRQHandler                       0x0800011f   Thumb Code     0  startup_stm32f10x_md.o(.text)
    PVD_IRQHandler                           0x0800011f   Thumb Code     0  startup_stm32f10x_md.o(.text)
    RCC_IRQHandler                           0x0800011f   Thumb Code     0  startup_stm32f10x_md.o(.text)
    RTCAlarm_IRQHandler                      0x0800011f   Thumb Code     0  startup_stm32f10x_md.o(.text)
    RTC_IRQHandler                           0x0800011f   Thumb Code     0  startup_stm32f10x_md.o(.text)
    SPI1_IRQHandler                          0x0800011f   Thumb Code     0  startup_stm32f10x_md.o(.text)
    SPI2_IRQHandler                          0x0800011f   Thumb Code     0  startup_stm32f10x_md.o(.text)
    TAMPER_IRQHandler                        0x0800011f   Thumb Code     0  startup_stm32f10x_md.o(.text)
    TIM1_BRK_IRQHandler                      0x0800011f   Thumb Code     0  startup_stm32f10x_md.o(.text)
    TIM1_CC_IRQHandler                       0x0800011f   Thumb Code     0  startup_stm32f10x_md.o(.text)
    TIM1_TRG_COM_IRQHandler                  0x0800011f   Thumb Code     0  startup_stm32f10x_md.o(.text)
    TIM1_UP_IRQHandler                       0x0800011f   Thumb Code     0  startup_stm32f10x_md.o(.text)
    TIM4_IRQHandler                          0x0800011f   Thumb Code     0  startup_stm32f10x_md.o(.text)
    USBWakeUp_IRQHandler                     0x0800011f   Thumb Code     0  startup_stm32f10x_md.o(.text)
    USB_HP_CAN1_TX_IRQHandler                0x0800011f   Thumb Code     0  startup_stm32f10x_md.o(.text)
    USB_LP_CAN1_RX0_IRQHandler               0x0800011f   Thumb Code     0  startup_stm32f10x_md.o(.text)
    WWDG_IRQHandler                          0x0800011f   Thumb Code     0  startup_stm32f10x_md.o(.text)
    ___aeabi_memcpy4$move                    0x08000129   Thumb Code     0  memmovea.o(.text)
    ___aeabi_memcpy8$move                    0x08000129   Thumb Code     0  memmovea.o(.text)
    __aeabi_memcpy                           0x08000129   Thumb Code    64  memmovea.o(.text)
    __aeabi_memmove                          0x08000129   Thumb Code     0  memmovea.o(.text)
    __aeabi_memmove4                         0x08000129   Thumb Code     0  memmovea.o(.text)
    __aeabi_memmove8                         0x08000129   Thumb Code     0  memmovea.o(.text)
    __aeabi_memset                           0x08000169   Thumb Code    14  memseta.o(.text)
    __aeabi_memset4                          0x08000169   Thumb Code     0  memseta.o(.text)
    __aeabi_memset8                          0x08000169   Thumb Code     0  memseta.o(.text)
    __aeabi_memclr                           0x08000177   Thumb Code     4  memseta.o(.text)
    __aeabi_memclr4                          0x08000177   Thumb Code     0  memseta.o(.text)
    __aeabi_memclr8                          0x08000177   Thumb Code     0  memseta.o(.text)
    _memset$wrapper                          0x0800017b   Thumb Code    18  memseta.o(.text)
    memcmp                                   0x0800018d   Thumb Code    26  memcmp.o(.text)
    __aeabi_fadd                             0x080001a7   Thumb Code   164  fadd.o(.text)
    __aeabi_fsub                             0x0800024b   Thumb Code     6  fadd.o(.text)
    __aeabi_frsub                            0x08000251   Thumb Code     6  fadd.o(.text)
    __aeabi_fmul                             0x08000257   Thumb Code   100  fmul.o(.text)
    __aeabi_fdiv                             0x080002bb   Thumb Code   124  fdiv.o(.text)
    __aeabi_dadd                             0x08000337   Thumb Code   322  dadd.o(.text)
    __aeabi_dsub                             0x08000479   Thumb Code     6  dadd.o(.text)
    __aeabi_drsub                            0x0800047f   Thumb Code     6  dadd.o(.text)
    __aeabi_dmul                             0x08000485   Thumb Code   228  dmul.o(.text)
    __aeabi_ddiv                             0x08000569   Thumb Code   222  ddiv.o(.text)
    __aeabi_i2f                              0x08000647   Thumb Code    18  fflti.o(.text)
    __aeabi_ui2f                             0x08000659   Thumb Code    10  ffltui.o(.text)
    __aeabi_f2uiz                            0x08000663   Thumb Code    40  ffixui.o(.text)
    __aeabi_f2d                              0x0800068b   Thumb Code    38  f2d.o(.text)
    __aeabi_d2f                              0x080006b1   Thumb Code    56  d2f.o(.text)
    __aeabi_cfcmpeq                          0x080006e9   Thumb Code     0  cfcmple.o(.text)
    __aeabi_cfcmple                          0x080006e9   Thumb Code    20  cfcmple.o(.text)
    __aeabi_cfrcmple                         0x080006fd   Thumb Code    20  cfrcmple.o(.text)
    __aeabi_uidiv                            0x08000711   Thumb Code     0  uidiv.o(.text)
    __aeabi_uidivmod                         0x08000711   Thumb Code    44  uidiv.o(.text)
    __aeabi_uldivmod                         0x0800073d   Thumb Code    98  uldiv.o(.text)
    __aeabi_llsl                             0x0800079f   Thumb Code    30  llshl.o(.text)
    _ll_shift_l                              0x0800079f   Thumb Code     0  llshl.o(.text)
    __aeabi_lasr                             0x080007bd   Thumb Code    36  llsshr.o(.text)
    _ll_sshift_r                             0x080007bd   Thumb Code     0  llsshr.o(.text)
    __I$use$fp                               0x080007e1   Thumb Code     0  iusefp.o(.text)
    _float_round                             0x080007e1   Thumb Code    18  fepilogue.o(.text)
    _float_epilogue                          0x080007f3   Thumb Code    92  fepilogue.o(.text)
    _fsqrt                                   0x0800084f   Thumb Code    94  fsqrt.o(.text)
    _frnd                                    0x080008ad   Thumb Code    60  frnd.o(.text)
    _double_round                            0x080008e9   Thumb Code    30  depilogue.o(.text)
    _double_epilogue                         0x08000907   Thumb Code   156  depilogue.o(.text)
    __aeabi_f2iz                             0x080009a3   Thumb Code    50  ffixi.o(.text)
    __aeabi_d2ulz                            0x080009d5   Thumb Code    48  dfixul.o(.text)
    __aeabi_cdrcmple                         0x08000a05   Thumb Code    48  cdrcmple.o(.text)
    __scatterload                            0x08000a35   Thumb Code    28  init.o(.text)
    __scatterload_rt2                        0x08000a35   Thumb Code     0  init.o(.text)
    __aeabi_llsr                             0x08000a59   Thumb Code    32  llushr.o(.text)
    _ll_ushift_r                             0x08000a59   Thumb Code     0  llushr.o(.text)
    __ARM_scalbnf                            0x08000a79   Thumb Code    24  fscalb.o(.text)
    scalbnf                                  0x08000a79   Thumb Code     0  fscalb.o(.text)
    BusFault_Handler                         0x08000b39   Thumb Code     4  stm32f10x_it.o(i.BusFault_Handler)
    ButterworthFilter                        0x08000b3d   Thumb Code   122  i2c.o(i.ButterworthFilter)
    Bw2Filter_Init                           0x08000bcd   Thumb Code   182  i2c.o(i.Bw2Filter_Init)
    Bw2Filter_Update                         0x08000c89   Thumb Code   108  i2c.o(i.Bw2Filter_Update)
    ControlMotorSpeed_PI                     0x08000cf5   Thumb Code   228  i2c.o(i.ControlMotorSpeed_PI)
    CopeCmdData                              0x08000dfd   Thumb Code   178  usart.o(i.CopeCmdData)
    DMA1_Channel3_IRQHandler                 0x08000f4d   Thumb Code    64  usart.o(i.DMA1_Channel3_IRQHandler)
    DMA1_Channel6_IRQHandler                 0x08000f95   Thumb Code    64  usart.o(i.DMA1_Channel6_IRQHandler)
    DMA_ClearFlag                            0x08000fdd   Thumb Code    18  stm32f10x_dma.o(i.DMA_ClearFlag)
    DMA_ClearITPendingBit                    0x08000ff9   Thumb Code    18  stm32f10x_dma.o(i.DMA_ClearITPendingBit)
    DMA_Cmd                                  0x08001015   Thumb Code    24  stm32f10x_dma.o(i.DMA_Cmd)
    DMA_DeInit                               0x0800102d   Thumb Code   324  stm32f10x_dma.o(i.DMA_DeInit)
    DMA_GetCurrDataCounter                   0x08001179   Thumb Code     8  stm32f10x_dma.o(i.DMA_GetCurrDataCounter)
    DMA_GetITStatus                          0x08001181   Thumb Code    36  stm32f10x_dma.o(i.DMA_GetITStatus)
    DMA_ITConfig                             0x080011ad   Thumb Code    18  stm32f10x_dma.o(i.DMA_ITConfig)
    DMA_Init                                 0x080011bf   Thumb Code    60  stm32f10x_dma.o(i.DMA_Init)
    DMA_SetCurrDataCounter                   0x080011fb   Thumb Code     4  stm32f10x_dma.o(i.DMA_SetCurrDataCounter)
    DebugMon_Handler                         0x080011ff   Thumb Code     2  stm32f10x_it.o(i.DebugMon_Handler)
    Delay                                    0x08001201   Thumb Code    14  delay.o(i.Delay)
    GPIO_Init                                0x0800121b   Thumb Code   278  stm32f10x_gpio.o(i.GPIO_Init)
    GPIO_ResetBits                           0x08001331   Thumb Code     4  stm32f10x_gpio.o(i.GPIO_ResetBits)
    GPIO_SetBits                             0x08001335   Thumb Code     4  stm32f10x_gpio.o(i.GPIO_SetBits)
    HardFault_Handler                        0x08001339   Thumb Code     4  stm32f10x_it.o(i.HardFault_Handler)
    IIC_Ack                                  0x0800133d   Thumb Code    66  i2c.o(i.IIC_Ack)
    IIC_Init                                 0x0800138d   Thumb Code    76  i2c.o(i.IIC_Init)
    IIC_NAck                                 0x080013e5   Thumb Code    66  i2c.o(i.IIC_NAck)
    IIC_Read_Byte                            0x08001435   Thumb Code    98  i2c.o(i.IIC_Read_Byte)
    IIC_Recover                              0x080014a5   Thumb Code    84  i2c.o(i.IIC_Recover)
    IIC_Send_Byte                            0x08001505   Thumb Code    90  i2c.o(i.IIC_Send_Byte)
    IIC_Start                                0x0800156d   Thumb Code    64  i2c.o(i.IIC_Start)
    IIC_Stop                                 0x080015b9   Thumb Code    62  i2c.o(i.IIC_Stop)
    IIC_Wait_Ack                             0x08001605   Thumb Code    98  i2c.o(i.IIC_Wait_Ack)
    IICreadBytes                             0x08001675   Thumb Code   122  i2c.o(i.IICreadBytes)
    IICwriteBytes                            0x080016ef   Thumb Code    92  i2c.o(i.IICwriteBytes)
    InitializeButterworthFilter              0x0800174b   Thumb Code    12  i2c.o(i.InitializeButterworthFilter)
    InitializeFilters                        0x08001759   Thumb Code    16  i2c.o(i.InitializeFilters)
    MemManage_Handler                        0x08001771   Thumb Code     4  stm32f10x_it.o(i.MemManage_Handler)
    Motor_and_button_Init                    0x08001775   Thumb Code    88  motor.o(i.Motor_and_button_Init)
    My_USART1_Init                           0x080017d1   Thumb Code   174  usart.o(i.My_USART1_Init)
    NMI_Handler                              0x08001889   Thumb Code     2  stm32f10x_it.o(i.NMI_Handler)
    NVIC_Configuration                       0x0800188d   Thumb Code   106  usart.o(i.NVIC_Configuration)
    NVIC_Init                                0x080018fd   Thumb Code   100  misc.o(i.NVIC_Init)
    NVIC_PriorityGroupConfig                 0x0800196d   Thumb Code    10  misc.o(i.NVIC_PriorityGroupConfig)
    ParseDataPacket                          0x08001981   Thumb Code   152  usart.o(i.ParseDataPacket)
    PendSV_Handler                           0x08001a19   Thumb Code     2  stm32f10x_it.o(i.PendSV_Handler)
    RCC_AHBPeriphClockCmd                    0x08001a1d   Thumb Code    26  stm32f10x_rcc.o(i.RCC_AHBPeriphClockCmd)
    RCC_APB1PeriphClockCmd                   0x08001a3d   Thumb Code    26  stm32f10x_rcc.o(i.RCC_APB1PeriphClockCmd)
    RCC_APB2PeriphClockCmd                   0x08001a5d   Thumb Code    26  stm32f10x_rcc.o(i.RCC_APB2PeriphClockCmd)
    RCC_GetClocksFreq                        0x08001a7d   Thumb Code   192  stm32f10x_rcc.o(i.RCC_GetClocksFreq)
    Rotor_PWM_Init                           0x08001b51   Thumb Code   136  motor.o(i.Rotor_PWM_Init)
    SVC_Handler                              0x08001be1   Thumb Code     2  stm32f10x_it.o(i.SVC_Handler)
    Sensor_ReadData                          0x08001be5   Thumb Code   266  i2c.o(i.Sensor_ReadData)
    SetMotorSpeedRPS                         0x08001d35   Thumb Code   434  i2c.o(i.SetMotorSpeedRPS)
    SysTick_CLKSourceConfig                  0x08001ff1   Thumb Code    40  misc.o(i.SysTick_CLKSourceConfig)
    SysTick_Handler                          0x08002019   Thumb Code    20  stm32f10x_it.o(i.SysTick_Handler)
    SysTick_Init                             0x08002031   Thumb Code    50  delay.o(i.SysTick_Init)
    SystemInit                               0x08002075   Thumb Code    78  system_stm32f10x.o(i.SystemInit)
    TIM2_IRQHandler                          0x08002315   Thumb Code    24  motor.o(i.TIM2_IRQHandler)
    TIM2_Interval_Init                       0x0800232d   Thumb Code   124  motor.o(i.TIM2_Interval_Init)
    TIM3_Encoder_Init                        0x080023a9   Thumb Code   206  motor.o(i.TIM3_Encoder_Init)
    TIM3_IRQHandler                          0x08002485   Thumb Code   184  motor.o(i.TIM3_IRQHandler)
    TIM4_TimeBase_Init                       0x08002565   Thumb Code    54  motor.o(i.TIM4_TimeBase_Init)
    TIM_ARRPreloadConfig                     0x080025a1   Thumb Code    24  stm32f10x_tim.o(i.TIM_ARRPreloadConfig)
    TIM_ClearFlag                            0x080025b9   Thumb Code     6  stm32f10x_tim.o(i.TIM_ClearFlag)
    TIM_ClearITPendingBit                    0x080025bf   Thumb Code     6  stm32f10x_tim.o(i.TIM_ClearITPendingBit)
    TIM_Cmd                                  0x080025c5   Thumb Code    24  stm32f10x_tim.o(i.TIM_Cmd)
    TIM_CtrlPWMOutputs                       0x080025dd   Thumb Code    30  stm32f10x_tim.o(i.TIM_CtrlPWMOutputs)
    TIM_EncoderInterfaceConfig               0x080025fb   Thumb Code    66  stm32f10x_tim.o(i.TIM_EncoderInterfaceConfig)
    TIM_GetCounter                           0x0800263d   Thumb Code     6  stm32f10x_tim.o(i.TIM_GetCounter)
    TIM_GetITStatus                          0x08002643   Thumb Code    34  stm32f10x_tim.o(i.TIM_GetITStatus)
    TIM_ICInit                               0x08002665   Thumb Code   150  stm32f10x_tim.o(i.TIM_ICInit)
    TIM_ICStructInit                         0x08002711   Thumb Code    18  stm32f10x_tim.o(i.TIM_ICStructInit)
    TIM_ITConfig                             0x08002723   Thumb Code    18  stm32f10x_tim.o(i.TIM_ITConfig)
    TIM_InternalClockConfig                  0x08002735   Thumb Code    12  stm32f10x_tim.o(i.TIM_InternalClockConfig)
    TIM_OC1Init                              0x08002741   Thumb Code   132  stm32f10x_tim.o(i.TIM_OC1Init)
    TIM_SetCompare1                          0x080027d9   Thumb Code     4  stm32f10x_tim.o(i.TIM_SetCompare1)
    TIM_SetIC1Prescaler                      0x080027dd   Thumb Code    18  stm32f10x_tim.o(i.TIM_SetIC1Prescaler)
    TIM_SetIC2Prescaler                      0x080027ef   Thumb Code    26  stm32f10x_tim.o(i.TIM_SetIC2Prescaler)
    TIM_SetIC3Prescaler                      0x08002809   Thumb Code    18  stm32f10x_tim.o(i.TIM_SetIC3Prescaler)
    TIM_SetIC4Prescaler                      0x0800281b   Thumb Code    26  stm32f10x_tim.o(i.TIM_SetIC4Prescaler)
    TIM_TimeBaseInit                         0x08002835   Thumb Code   122  stm32f10x_tim.o(i.TIM_TimeBaseInit)
    USART1_IRQHandler                        0x080028d9   Thumb Code    50  usart.o(i.USART1_IRQHandler)
    USART2_DMA_Init                          0x08002915   Thumb Code   156  usart.o(i.USART2_DMA_Init)
    USART2_DMA_Send_Config                   0x080029c1   Thumb Code    60  usart.o(i.USART2_DMA_Send_Config)
    USART2_IRQHandler                        0x08002a01   Thumb Code     2  usart.o(i.USART2_IRQHandler)
    USART2_Init                              0x08002a05   Thumb Code   154  usart.o(i.USART2_Init)
    USART3_DMA_Init                          0x08002aa9   Thumb Code   156  usart.o(i.USART3_DMA_Init)
    USART3_DMA_Send_Config                   0x08002b55   Thumb Code    58  usart.o(i.USART3_DMA_Send_Config)
    USART3_IRQHandler                        0x08002b95   Thumb Code     2  usart.o(i.USART3_IRQHandler)
    USART3_Init                              0x08002b99   Thumb Code   162  usart.o(i.USART3_Init)
    USART_ClearFlag                          0x08002c45   Thumb Code    18  stm32f10x_usart.o(i.USART_ClearFlag)
    USART_ClearITPendingBit                  0x08002c57   Thumb Code    30  stm32f10x_usart.o(i.USART_ClearITPendingBit)
    USART_Cmd                                0x08002c75   Thumb Code    24  stm32f10x_usart.o(i.USART_Cmd)
    USART_DMACmd                             0x08002c8d   Thumb Code    18  stm32f10x_usart.o(i.USART_DMACmd)
    USART_GetFlagStatus                      0x08002c9f   Thumb Code    26  stm32f10x_usart.o(i.USART_GetFlagStatus)
    USART_GetITStatus                        0x08002cb9   Thumb Code    84  stm32f10x_usart.o(i.USART_GetITStatus)
    USART_ITConfig                           0x08002d0d   Thumb Code    74  stm32f10x_usart.o(i.USART_ITConfig)
    USART_Init                               0x08002d59   Thumb Code   210  stm32f10x_usart.o(i.USART_Init)
    USART_ReceiveData                        0x08002e31   Thumb Code    10  stm32f10x_usart.o(i.USART_ReceiveData)
    USART_SendData                           0x08002e3b   Thumb Code     8  stm32f10x_usart.o(i.USART_SendData)
    UsageFault_Handler                       0x08002e43   Thumb Code     4  stm32f10x_it.o(i.UsageFault_Handler)
    WitDelayMsRegister                       0x08002e49   Thumb Code    18  i2c.o(i.WitDelayMsRegister)
    WitI2cFuncRegister                       0x08002e61   Thumb Code    30  i2c.o(i.WitI2cFuncRegister)
    WitInit                                  0x08002e89   Thumb Code    30  i2c.o(i.WitInit)
    WitReadReg                               0x08002eb5   Thumb Code   172  i2c.o(i.WitReadReg)
    WitRegisterCallBack                      0x08002f7d   Thumb Code    18  i2c.o(i.WitRegisterCallBack)
    Witconfig                                0x08002f95   Thumb Code    50  i2c.o(i.Witconfig)
    __0printf                                0x08002fed   Thumb Code    22  printfa.o(i.__0printf)
    __1printf                                0x08002fed   Thumb Code     0  printfa.o(i.__0printf)
    __2printf                                0x08002fed   Thumb Code     0  printfa.o(i.__0printf)
    __c89printf                              0x08002fed   Thumb Code     0  printfa.o(i.__0printf)
    printf                                   0x08002fed   Thumb Code     0  printfa.o(i.__0printf)
    __ARM_fpclassifyf                        0x0800300d   Thumb Code    38  fpclassifyf.o(i.__ARM_fpclassifyf)
    __mathlib_flt_infnan                     0x08003033   Thumb Code     6  funder.o(i.__mathlib_flt_infnan)
    __mathlib_flt_invalid                    0x08003039   Thumb Code     8  funder.o(i.__mathlib_flt_invalid)
    __mathlib_flt_underflow                  0x08003041   Thumb Code    10  funder.o(i.__mathlib_flt_underflow)
    __mathlib_rredf2                         0x0800304d   Thumb Code   344  rredf.o(i.__mathlib_rredf2)
    __scatterload_copy                       0x080031b5   Thumb Code    14  handlers.o(i.__scatterload_copy)
    __scatterload_null                       0x080031c3   Thumb Code     2  handlers.o(i.__scatterload_null)
    __scatterload_zeroinit                   0x080031c5   Thumb Code    14  handlers.o(i.__scatterload_zeroinit)
    __set_errno                              0x080031d5   Thumb Code     6  errno.o(i.__set_errno)
    calculate_crc                            0x08003a6b   Thumb Code    14  usart.o(i.calculate_crc)
    cosf                                     0x08003a79   Thumb Code   328  cosf.o(i.cosf)
    crc8                                     0x08003bf5   Thumb Code    28  usart.o(i.crc8)
    delay_ms                                 0x08003c15   Thumb Code    72  delay.o(i.delay_ms)
    fputc                                    0x08003c61   Thumb Code    32  usart.o(i.fputc)
    main                                     0x08003ccd   Thumb Code   810  main.o(i.main)
    sinf                                     0x08004041   Thumb Code   338  sinf.o(i.sinf)
    sqrtf                                    0x080041c9   Thumb Code    44  sqrtf.o(i.sqrtf)
    epsilon                                  0x080042f4   Data           4  i2c.o(.constdata)
    Region$$Table$$Base                      0x08004410   Number         0  anon$$obj.o(Region$$Table)
    Region$$Table$$Limit                     0x08004430   Number         0  anon$$obj.o(Region$$Table)
    SystemCoreClock                          0x20000000   Data           4  system_stm32f10x.o(.data)
    AHBPrescTable                            0x20000004   Data          16  system_stm32f10x.o(.data)
    ulTicks                                  0x20000028   Data           8  delay.o(.data)
    buffer_head                              0x20000038   Data           4  usart.o(.data)
    buffer_tail                              0x2000003c   Data           4  usart.o(.data)
    g_ctrlState                              0x20000041   Data           1  usart.o(.data)
    Motor_Speed                              0x20000048   Data           4  motor.o(.data)
    arr                                      0x2000005c   Data           2  motor.o(.data)
    last_pulses                              0x20000060   Data           4  motor.o(.data)
    s_cDataUpdate                            0x20000088   Data           1  i2c.o(.data)
    state_gyroz                              0x2000008c   Data           4  i2c.o(.data)
    state_angle                              0x20000090   Data           4  i2c.o(.data)
    motorSpeed                               0x200000a8   Data           4  i2c.o(.data)
    tarmotorSpeed                            0x200000ac   Data           4  i2c.o(.data)
    isIncreasing                             0x200000b0   Data           4  i2c.o(.data)
    control                                  0x200000b4   Data           4  i2c.o(.data)
    tarpwmValue                              0x200000b8   Data           2  i2c.o(.data)
    Kp                                       0x200000bc   Data           4  i2c.o(.data)
    Ki                                       0x200000c0   Data           4  i2c.o(.data)
    Kd                                       0x200000c4   Data           4  i2c.o(.data)
    error                                    0x200000c8   Data           4  i2c.o(.data)
    prev_error                               0x200000cc   Data           4  i2c.o(.data)
    integral2                                0x200000d0   Data           4  i2c.o(.data)
    integral                                 0x200000d4   Data           4  i2c.o(.data)
    derivative                               0x200000d8   Data           4  i2c.o(.data)
    pwmValue                                 0x200000dc   Data           4  i2c.o(.data)
    filtered_pwmValue                        0x200000e0   Data           4  i2c.o(.data)
    prev_pwmValue                            0x200000e4   Data           4  i2c.o(.data)
    prev_Motor_Speed                         0x200000e8   Data           4  i2c.o(.data)
    alpha                                    0x200000ec   Data           4  i2c.o(.data)
    __stdout                                 0x200000f8   Data           4  stdout.o(.data)
    usart2_buffer                            0x20000190   Data        2048  usart.o(.bss)
    txPacket                                 0x20000990   Data          19  usart.o(.bss)
    rxPacket2                                0x200009a3   Data          19  usart.o(.bss)
    rxPacket3                                0x200009b6   Data          19  usart.o(.bss)
    rx2Buffer                                0x200009ca   Data          42  usart.o(.bss)
    rx3Buffer                                0x200009f4   Data          42  usart.o(.bss)
    sReg                                     0x20000b20   Data         288  i2c.o(.bss)
    gyroFilterState                          0x20000c40   Data          16  i2c.o(.bss)
    pwmFilterState                           0x20000c50   Data          16  i2c.o(.bss)
    __initial_sp                             0x20001c60   Data           0  startup_stm32f10x_md.o(STACK)



==============================================================================

Memory Map of the image

  Image Entry point : 0x080000ed

  Load Region LR_IROM1 (Base: 0x08000000, Size: 0x00004530, Max: 0x00010000, ABSOLUTE)

    Execution Region ER_IROM1 (Exec base: 0x08000000, Load base: 0x08000000, Size: 0x00004430, Max: 0x00010000, ABSOLUTE)

    Exec Addr    Load Addr    Size         Type   Attr      Idx    E Section Name        Object

    0x08000000   0x08000000   0x000000ec   Data   RO          365    RESET               startup_stm32f10x_md.o
    0x080000ec   0x080000ec   0x00000000   Code   RO         4157  * .ARM.Collect$$$$00000000  mc_w.l(entry.o)
    0x080000ec   0x080000ec   0x00000004   Code   RO         4478    .ARM.Collect$$$$00000001  mc_w.l(entry2.o)
    0x080000f0   0x080000f0   0x00000004   Code   RO         4481    .ARM.Collect$$$$00000004  mc_w.l(entry5.o)
    0x080000f4   0x080000f4   0x00000000   Code   RO         4483    .ARM.Collect$$$$00000008  mc_w.l(entry7b.o)
    0x080000f4   0x080000f4   0x00000000   Code   RO         4485    .ARM.Collect$$$$0000000A  mc_w.l(entry8b.o)
    0x080000f4   0x080000f4   0x00000008   Code   RO         4486    .ARM.Collect$$$$0000000B  mc_w.l(entry9a.o)
    0x080000fc   0x080000fc   0x00000004   Code   RO         4493    .ARM.Collect$$$$0000000E  mc_w.l(entry12b.o)
    0x08000100   0x08000100   0x00000000   Code   RO         4488    .ARM.Collect$$$$0000000F  mc_w.l(entry10a.o)
    0x08000100   0x08000100   0x00000000   Code   RO         4490    .ARM.Collect$$$$00000011  mc_w.l(entry11a.o)
    0x08000100   0x08000100   0x00000004   Code   RO         4479    .ARM.Collect$$$$00002712  mc_w.l(entry2.o)
    0x08000104   0x08000104   0x00000024   Code   RO          366    .text               startup_stm32f10x_md.o
    0x08000128   0x08000128   0x00000040   Code   RO         4162    .text               mc_w.l(memmovea.o)
    0x08000168   0x08000168   0x00000024   Code   RO         4164    .text               mc_w.l(memseta.o)
    0x0800018c   0x0800018c   0x0000001a   Code   RO         4166    .text               mc_w.l(memcmp.o)
    0x080001a6   0x080001a6   0x000000b0   Code   RO         4433    .text               mf_w.l(fadd.o)
    0x08000256   0x08000256   0x00000064   Code   RO         4435    .text               mf_w.l(fmul.o)
    0x080002ba   0x080002ba   0x0000007c   Code   RO         4437    .text               mf_w.l(fdiv.o)
    0x08000336   0x08000336   0x0000014e   Code   RO         4439    .text               mf_w.l(dadd.o)
    0x08000484   0x08000484   0x000000e4   Code   RO         4441    .text               mf_w.l(dmul.o)
    0x08000568   0x08000568   0x000000de   Code   RO         4443    .text               mf_w.l(ddiv.o)
    0x08000646   0x08000646   0x00000012   Code   RO         4445    .text               mf_w.l(fflti.o)
    0x08000658   0x08000658   0x0000000a   Code   RO         4447    .text               mf_w.l(ffltui.o)
    0x08000662   0x08000662   0x00000028   Code   RO         4449    .text               mf_w.l(ffixui.o)
    0x0800068a   0x0800068a   0x00000026   Code   RO         4451    .text               mf_w.l(f2d.o)
    0x080006b0   0x080006b0   0x00000038   Code   RO         4453    .text               mf_w.l(d2f.o)
    0x080006e8   0x080006e8   0x00000014   Code   RO         4455    .text               mf_w.l(cfcmple.o)
    0x080006fc   0x080006fc   0x00000014   Code   RO         4457    .text               mf_w.l(cfrcmple.o)
    0x08000710   0x08000710   0x0000002c   Code   RO         4495    .text               mc_w.l(uidiv.o)
    0x0800073c   0x0800073c   0x00000062   Code   RO         4497    .text               mc_w.l(uldiv.o)
    0x0800079e   0x0800079e   0x0000001e   Code   RO         4499    .text               mc_w.l(llshl.o)
    0x080007bc   0x080007bc   0x00000024   Code   RO         4501    .text               mc_w.l(llsshr.o)
    0x080007e0   0x080007e0   0x00000000   Code   RO         4510    .text               mc_w.l(iusefp.o)
    0x080007e0   0x080007e0   0x0000006e   Code   RO         4511    .text               mf_w.l(fepilogue.o)
    0x0800084e   0x0800084e   0x0000005e   Code   RO         4513    .text               mf_w.l(fsqrt.o)
    0x080008ac   0x080008ac   0x0000003c   Code   RO         4515    .text               mf_w.l(frnd.o)
    0x080008e8   0x080008e8   0x000000ba   Code   RO         4517    .text               mf_w.l(depilogue.o)
    0x080009a2   0x080009a2   0x00000032   Code   RO         4519    .text               mf_w.l(ffixi.o)
    0x080009d4   0x080009d4   0x00000030   Code   RO         4521    .text               mf_w.l(dfixul.o)
    0x08000a04   0x08000a04   0x00000030   Code   RO         4523    .text               mf_w.l(cdrcmple.o)
    0x08000a34   0x08000a34   0x00000024   Code   RO         4525    .text               mc_w.l(init.o)
    0x08000a58   0x08000a58   0x00000020   Code   RO         4527    .text               mc_w.l(llushr.o)
    0x08000a78   0x08000a78   0x00000018   Code   RO         4529    .text               mf_w.l(fscalb.o)
    0x08000a90   0x08000a90   0x000000a8   Code   RO         3923    i.AutoScanSensor    i2c.o
    0x08000b38   0x08000b38   0x00000004   Code   RO          286    i.BusFault_Handler  stm32f10x_it.o
    0x08000b3c   0x08000b3c   0x00000090   Code   RO         3924    i.ButterworthFilter  i2c.o
    0x08000bcc   0x08000bcc   0x000000bc   Code   RO         3925    i.Bw2Filter_Init    i2c.o
    0x08000c88   0x08000c88   0x0000006c   Code   RO         3926    i.Bw2Filter_Update  i2c.o
    0x08000cf4   0x08000cf4   0x00000108   Code   RO         3929    i.ControlMotorSpeed_PI  i2c.o
    0x08000dfc   0x08000dfc   0x00000104   Code   RO         3675    i.CopeCmdData       usart.o
    0x08000f00   0x08000f00   0x0000004c   Code   RO         3930    i.CopeSensorData    i2c.o
    0x08000f4c   0x08000f4c   0x00000048   Code   RO         3676    i.DMA1_Channel3_IRQHandler  usart.o
    0x08000f94   0x08000f94   0x00000048   Code   RO         3677    i.DMA1_Channel6_IRQHandler  usart.o
    0x08000fdc   0x08000fdc   0x0000001c   Code   RO         1194    i.DMA_ClearFlag     stm32f10x_dma.o
    0x08000ff8   0x08000ff8   0x0000001c   Code   RO         1195    i.DMA_ClearITPendingBit  stm32f10x_dma.o
    0x08001014   0x08001014   0x00000018   Code   RO         1196    i.DMA_Cmd           stm32f10x_dma.o
    0x0800102c   0x0800102c   0x0000014c   Code   RO         1197    i.DMA_DeInit        stm32f10x_dma.o
    0x08001178   0x08001178   0x00000008   Code   RO         1198    i.DMA_GetCurrDataCounter  stm32f10x_dma.o
    0x08001180   0x08001180   0x0000002c   Code   RO         1200    i.DMA_GetITStatus   stm32f10x_dma.o
    0x080011ac   0x080011ac   0x00000012   Code   RO         1201    i.DMA_ITConfig      stm32f10x_dma.o
    0x080011be   0x080011be   0x0000003c   Code   RO         1202    i.DMA_Init          stm32f10x_dma.o
    0x080011fa   0x080011fa   0x00000004   Code   RO         1203    i.DMA_SetCurrDataCounter  stm32f10x_dma.o
    0x080011fe   0x080011fe   0x00000002   Code   RO          287    i.DebugMon_Handler  stm32f10x_it.o
    0x08001200   0x08001200   0x0000000e   Code   RO         3616    i.Delay             delay.o
    0x0800120e   0x0800120e   0x0000000c   Code   RO         3931    i.Delayms           i2c.o
    0x0800121a   0x0800121a   0x00000116   Code   RO         1668    i.GPIO_Init         stm32f10x_gpio.o
    0x08001330   0x08001330   0x00000004   Code   RO         1675    i.GPIO_ResetBits    stm32f10x_gpio.o
    0x08001334   0x08001334   0x00000004   Code   RO         1676    i.GPIO_SetBits      stm32f10x_gpio.o
    0x08001338   0x08001338   0x00000004   Code   RO          288    i.HardFault_Handler  stm32f10x_it.o
    0x0800133c   0x0800133c   0x00000050   Code   RO         3932    i.IIC_Ack           i2c.o
    0x0800138c   0x0800138c   0x00000058   Code   RO         3933    i.IIC_Init          i2c.o
    0x080013e4   0x080013e4   0x00000050   Code   RO         3934    i.IIC_NAck          i2c.o
    0x08001434   0x08001434   0x00000070   Code   RO         3935    i.IIC_Read_Byte     i2c.o
    0x080014a4   0x080014a4   0x00000060   Code   RO         3936    i.IIC_Recover       i2c.o
    0x08001504   0x08001504   0x00000068   Code   RO         3937    i.IIC_Send_Byte     i2c.o
    0x0800156c   0x0800156c   0x0000004c   Code   RO         3938    i.IIC_Start         i2c.o
    0x080015b8   0x080015b8   0x0000004c   Code   RO         3939    i.IIC_Stop          i2c.o
    0x08001604   0x08001604   0x00000070   Code   RO         3940    i.IIC_Wait_Ack      i2c.o
    0x08001674   0x08001674   0x0000007a   Code   RO         3941    i.IICreadBytes      i2c.o
    0x080016ee   0x080016ee   0x0000005c   Code   RO         3942    i.IICwriteBytes     i2c.o
    0x0800174a   0x0800174a   0x0000000c   Code   RO         3943    i.InitializeButterworthFilter  i2c.o
    0x08001756   0x08001756   0x00000002   PAD
    0x08001758   0x08001758   0x00000018   Code   RO         3944    i.InitializeFilters  i2c.o
    0x08001770   0x08001770   0x00000004   Code   RO          289    i.MemManage_Handler  stm32f10x_it.o
    0x08001774   0x08001774   0x0000005c   Code   RO         3844    i.Motor_and_button_Init  motor.o
    0x080017d0   0x080017d0   0x000000b8   Code   RO         3678    i.My_USART1_Init    usart.o
    0x08001888   0x08001888   0x00000002   Code   RO          290    i.NMI_Handler       stm32f10x_it.o
    0x0800188a   0x0800188a   0x00000002   PAD
    0x0800188c   0x0800188c   0x00000070   Code   RO         3679    i.NVIC_Configuration  usart.o
    0x080018fc   0x080018fc   0x00000070   Code   RO          373    i.NVIC_Init         misc.o
    0x0800196c   0x0800196c   0x00000014   Code   RO          374    i.NVIC_PriorityGroupConfig  misc.o
    0x08001980   0x08001980   0x00000098   Code   RO         3680    i.ParseDataPacket   usart.o
    0x08001a18   0x08001a18   0x00000002   Code   RO          291    i.PendSV_Handler    stm32f10x_it.o
    0x08001a1a   0x08001a1a   0x00000002   PAD
    0x08001a1c   0x08001a1c   0x00000020   Code   RO         2131    i.RCC_AHBPeriphClockCmd  stm32f10x_rcc.o
    0x08001a3c   0x08001a3c   0x00000020   Code   RO         2132    i.RCC_APB1PeriphClockCmd  stm32f10x_rcc.o
    0x08001a5c   0x08001a5c   0x00000020   Code   RO         2134    i.RCC_APB2PeriphClockCmd  stm32f10x_rcc.o
    0x08001a7c   0x08001a7c   0x000000d4   Code   RO         2142    i.RCC_GetClocksFreq  stm32f10x_rcc.o
    0x08001b50   0x08001b50   0x00000090   Code   RO         3845    i.Rotor_PWM_Init    motor.o
    0x08001be0   0x08001be0   0x00000002   Code   RO          292    i.SVC_Handler       stm32f10x_it.o
    0x08001be2   0x08001be2   0x00000002   PAD
    0x08001be4   0x08001be4   0x00000150   Code   RO         3945    i.Sensor_ReadData   i2c.o
    0x08001d34   0x08001d34   0x000001d4   Code   RO         3946    i.SetMotorSpeedRPS  i2c.o
    0x08001f08   0x08001f08   0x00000008   Code   RO          155    i.SetSysClock       system_stm32f10x.o
    0x08001f10   0x08001f10   0x000000e0   Code   RO          156    i.SetSysClockTo72   system_stm32f10x.o
    0x08001ff0   0x08001ff0   0x00000028   Code   RO          377    i.SysTick_CLKSourceConfig  misc.o
    0x08002018   0x08002018   0x00000018   Code   RO          293    i.SysTick_Handler   stm32f10x_it.o
    0x08002030   0x08002030   0x00000044   Code   RO         3619    i.SysTick_Init      delay.o
    0x08002074   0x08002074   0x00000060   Code   RO          158    i.SystemInit        system_stm32f10x.o
    0x080020d4   0x080020d4   0x00000080   Code   RO         2798    i.TI1_Config        stm32f10x_tim.o
    0x08002154   0x08002154   0x00000098   Code   RO         2799    i.TI2_Config        stm32f10x_tim.o
    0x080021ec   0x080021ec   0x00000090   Code   RO         2800    i.TI3_Config        stm32f10x_tim.o
    0x0800227c   0x0800227c   0x00000098   Code   RO         2801    i.TI4_Config        stm32f10x_tim.o
    0x08002314   0x08002314   0x00000018   Code   RO         3846    i.TIM2_IRQHandler   motor.o
    0x0800232c   0x0800232c   0x0000007c   Code   RO         3847    i.TIM2_Interval_Init  motor.o
    0x080023a8   0x080023a8   0x000000dc   Code   RO         3848    i.TIM3_Encoder_Init  motor.o
    0x08002484   0x08002484   0x000000e0   Code   RO         3849    i.TIM3_IRQHandler   motor.o
    0x08002564   0x08002564   0x0000003c   Code   RO         3850    i.TIM4_TimeBase_Init  motor.o
    0x080025a0   0x080025a0   0x00000018   Code   RO         2802    i.TIM_ARRPreloadConfig  stm32f10x_tim.o
    0x080025b8   0x080025b8   0x00000006   Code   RO         2808    i.TIM_ClearFlag     stm32f10x_tim.o
    0x080025be   0x080025be   0x00000006   Code   RO         2809    i.TIM_ClearITPendingBit  stm32f10x_tim.o
    0x080025c4   0x080025c4   0x00000018   Code   RO         2814    i.TIM_Cmd           stm32f10x_tim.o
    0x080025dc   0x080025dc   0x0000001e   Code   RO         2816    i.TIM_CtrlPWMOutputs  stm32f10x_tim.o
    0x080025fa   0x080025fa   0x00000042   Code   RO         2823    i.TIM_EncoderInterfaceConfig  stm32f10x_tim.o
    0x0800263c   0x0800263c   0x00000006   Code   RO         2833    i.TIM_GetCounter    stm32f10x_tim.o
    0x08002642   0x08002642   0x00000022   Code   RO         2835    i.TIM_GetITStatus   stm32f10x_tim.o
    0x08002664   0x08002664   0x000000ac   Code   RO         2837    i.TIM_ICInit        stm32f10x_tim.o
    0x08002710   0x08002710   0x00000012   Code   RO         2838    i.TIM_ICStructInit  stm32f10x_tim.o
    0x08002722   0x08002722   0x00000012   Code   RO         2839    i.TIM_ITConfig      stm32f10x_tim.o
    0x08002734   0x08002734   0x0000000c   Code   RO         2841    i.TIM_InternalClockConfig  stm32f10x_tim.o
    0x08002740   0x08002740   0x00000098   Code   RO         2843    i.TIM_OC1Init       stm32f10x_tim.o
    0x080027d8   0x080027d8   0x00000004   Code   RO         2875    i.TIM_SetCompare1   stm32f10x_tim.o
    0x080027dc   0x080027dc   0x00000012   Code   RO         2880    i.TIM_SetIC1Prescaler  stm32f10x_tim.o
    0x080027ee   0x080027ee   0x0000001a   Code   RO         2881    i.TIM_SetIC2Prescaler  stm32f10x_tim.o
    0x08002808   0x08002808   0x00000012   Code   RO         2882    i.TIM_SetIC3Prescaler  stm32f10x_tim.o
    0x0800281a   0x0800281a   0x0000001a   Code   RO         2883    i.TIM_SetIC4Prescaler  stm32f10x_tim.o
    0x08002834   0x08002834   0x000000a4   Code   RO         2885    i.TIM_TimeBaseInit  stm32f10x_tim.o
    0x080028d8   0x080028d8   0x0000003c   Code   RO         3681    i.USART1_IRQHandler  usart.o
    0x08002914   0x08002914   0x000000ac   Code   RO         3683    i.USART2_DMA_Init   usart.o
    0x080029c0   0x080029c0   0x00000040   Code   RO         3684    i.USART2_DMA_Send_Config  usart.o
    0x08002a00   0x08002a00   0x00000002   Code   RO         3685    i.USART2_IRQHandler  usart.o
    0x08002a02   0x08002a02   0x00000002   PAD
    0x08002a04   0x08002a04   0x000000a4   Code   RO         3686    i.USART2_Init       usart.o
    0x08002aa8   0x08002aa8   0x000000ac   Code   RO         3688    i.USART3_DMA_Init   usart.o
    0x08002b54   0x08002b54   0x00000040   Code   RO         3689    i.USART3_DMA_Send_Config  usart.o
    0x08002b94   0x08002b94   0x00000002   Code   RO         3690    i.USART3_IRQHandler  usart.o
    0x08002b96   0x08002b96   0x00000002   PAD
    0x08002b98   0x08002b98   0x000000ac   Code   RO         3691    i.USART3_Init       usart.o
    0x08002c44   0x08002c44   0x00000012   Code   RO         3358    i.USART_ClearFlag   stm32f10x_usart.o
    0x08002c56   0x08002c56   0x0000001e   Code   RO         3359    i.USART_ClearITPendingBit  stm32f10x_usart.o
    0x08002c74   0x08002c74   0x00000018   Code   RO         3362    i.USART_Cmd         stm32f10x_usart.o
    0x08002c8c   0x08002c8c   0x00000012   Code   RO         3363    i.USART_DMACmd      stm32f10x_usart.o
    0x08002c9e   0x08002c9e   0x0000001a   Code   RO         3365    i.USART_GetFlagStatus  stm32f10x_usart.o
    0x08002cb8   0x08002cb8   0x00000054   Code   RO         3366    i.USART_GetITStatus  stm32f10x_usart.o
    0x08002d0c   0x08002d0c   0x0000004a   Code   RO         3368    i.USART_ITConfig    stm32f10x_usart.o
    0x08002d56   0x08002d56   0x00000002   PAD
    0x08002d58   0x08002d58   0x000000d8   Code   RO         3369    i.USART_Init        stm32f10x_usart.o
    0x08002e30   0x08002e30   0x0000000a   Code   RO         3376    i.USART_ReceiveData  stm32f10x_usart.o
    0x08002e3a   0x08002e3a   0x00000008   Code   RO         3379    i.USART_SendData    stm32f10x_usart.o
    0x08002e42   0x08002e42   0x00000004   Code   RO          294    i.UsageFault_Handler  stm32f10x_it.o
    0x08002e46   0x08002e46   0x00000002   PAD
    0x08002e48   0x08002e48   0x00000018   Code   RO         3947    i.WitDelayMsRegister  i2c.o
    0x08002e60   0x08002e60   0x00000028   Code   RO         3948    i.WitI2cFuncRegister  i2c.o
    0x08002e88   0x08002e88   0x0000002c   Code   RO         3949    i.WitInit           i2c.o
    0x08002eb4   0x08002eb4   0x000000c8   Code   RO         3950    i.WitReadReg        i2c.o
    0x08002f7c   0x08002f7c   0x00000018   Code   RO         3951    i.WitRegisterCallBack  i2c.o
    0x08002f94   0x08002f94   0x00000058   Code   RO         3952    i.Witconfig         i2c.o
    0x08002fec   0x08002fec   0x00000020   Code   RO         4405    i.__0printf         mc_w.l(printfa.o)
    0x0800300c   0x0800300c   0x00000026   Code   RO         4459    i.__ARM_fpclassifyf  m_ws.l(fpclassifyf.o)
    0x08003032   0x08003032   0x00000006   Code   RO         4462    i.__mathlib_flt_infnan  m_ws.l(funder.o)
    0x08003038   0x08003038   0x00000008   Code   RO         4464    i.__mathlib_flt_invalid  m_ws.l(funder.o)
    0x08003040   0x08003040   0x0000000a   Code   RO         4467    i.__mathlib_flt_underflow  m_ws.l(funder.o)
    0x0800304a   0x0800304a   0x00000002   PAD
    0x0800304c   0x0800304c   0x00000168   Code   RO         4475    i.__mathlib_rredf2  m_ws.l(rredf.o)
    0x080031b4   0x080031b4   0x0000000e   Code   RO         4533    i.__scatterload_copy  mc_w.l(handlers.o)
    0x080031c2   0x080031c2   0x00000002   Code   RO         4534    i.__scatterload_null  mc_w.l(handlers.o)
    0x080031c4   0x080031c4   0x0000000e   Code   RO         4535    i.__scatterload_zeroinit  mc_w.l(handlers.o)
    0x080031d2   0x080031d2   0x00000002   PAD
    0x080031d4   0x080031d4   0x0000000c   Code   RO         4505    i.__set_errno       mc_w.l(errno.o)
    0x080031e0   0x080031e0   0x00000184   Code   RO         4412    i._fp_digits        mc_w.l(printfa.o)
    0x08003364   0x08003364   0x000006b4   Code   RO         4413    i._printf_core      mc_w.l(printfa.o)
    0x08003a18   0x08003a18   0x00000024   Code   RO         4414    i._printf_post_padding  mc_w.l(printfa.o)
    0x08003a3c   0x08003a3c   0x0000002e   Code   RO         4415    i._printf_pre_padding  mc_w.l(printfa.o)
    0x08003a6a   0x08003a6a   0x0000000e   Code   RO         3693    i.calculate_crc     usart.o
    0x08003a78   0x08003a78   0x0000017c   Code   RO         4134    i.cosf              m_ws.l(cosf.o)
    0x08003bf4   0x08003bf4   0x00000020   Code   RO         3694    i.crc8              usart.o
    0x08003c14   0x08003c14   0x0000004c   Code   RO         3620    i.delay_ms          delay.o
    0x08003c60   0x08003c60   0x00000024   Code   RO         3696    i.fputc             usart.o
    0x08003c84   0x08003c84   0x00000048   Code   RO         3953    i.get_diff_gain     i2c.o
    0x08003ccc   0x08003ccc   0x00000374   Code   RO            4    i.main              main.o
    0x08004040   0x08004040   0x00000188   Code   RO         4142    i.sinf              m_ws.l(sinf.o)
    0x080041c8   0x080041c8   0x0000002c   Code   RO         4150    i.sqrtf             m_ws.l(sqrtf.o)
    0x080041f4   0x080041f4   0x00000100   Data   RO         3699    .constdata          usart.o
    0x080042f4   0x080042f4   0x00000034   Data   RO         3955    .constdata          i2c.o
    0x08004328   0x08004328   0x00000020   Data   RO         4476    .constdata          m_ws.l(rredf.o)
    0x08004348   0x08004348   0x0000006d   Data   RO            6    .conststring        main.o
    0x080043b5   0x080043b5   0x00000003   PAD
    0x080043b8   0x080043b8   0x00000058   Data   RO         3956    .conststring        i2c.o
    0x08004410   0x08004410   0x00000020   Data   RO         4531    Region$$Table       anon$$obj.o


    Execution Region RW_IRAM1 (Exec base: 0x20000000, Load base: 0x08004430, Size: 0x00001c60, Max: 0x00005000, ABSOLUTE)

    Exec Addr    Load Addr    Size         Type   Attr      Idx    E Section Name        Object

    0x20000000   0x08004430   0x00000014   Data   RW          159    .data               system_stm32f10x.o
    0x20000014   0x08004444   0x00000014   Data   RW         2162    .data               stm32f10x_rcc.o
    0x20000028   0x08004458   0x00000010   Data   RW         3621    .data               delay.o
    0x20000038   0x08004468   0x0000000e   Data   RW         3700    .data               usart.o
    0x20000046   0x08004476   0x00000002   PAD
    0x20000048   0x08004478   0x0000001d   Data   RW         3851    .data               motor.o
    0x20000065   0x08004495   0x00000003   PAD
    0x20000068   0x08004498   0x00000090   Data   RW         3957    .data               i2c.o
    0x200000f8   0x08004528   0x00000004   Data   RW         4494    .data               mc_w.l(stdout.o)
    0x200000fc   0x0800452c   0x00000004   Data   RW         4506    .data               mc_w.l(errno.o)
    0x20000100        -       0x00000090   Zero   RW            5    .bss                main.o
    0x20000190        -       0x0000088e   Zero   RW         3698    .bss                usart.o
    0x20000a1e   0x08004530   0x00000002   PAD
    0x20000a20        -       0x00000240   Zero   RW         3954    .bss                i2c.o
    0x20000c60        -       0x00001000   Zero   RW          363    STACK               startup_stm32f10x_md.o


==============================================================================

Image component sizes


      Code (inc. data)   RO Data    RW Data    ZI Data      Debug   Object Name

       158         22          0         16          0       1952   delay.o
      3330        496        140        144        576      20242   i2c.o
       884         74        109          0        144     219832   main.o
       172         22          0          0          0       2045   misc.o
       888         72          0         29          0       5150   motor.o
        36          8        236          0       4096        768   startup_stm32f10x_md.o
       546         36          0          0          0       6577   stm32f10x_dma.o
       286          0          0          0          0       3024   stm32f10x_gpio.o
        48          4          0          0          0       3530   stm32f10x_it.o
       308         38          0         20          0       4930   stm32f10x_rcc.o
      1400        170          0          0          0      14158   stm32f10x_tim.o
       508          6          0          0          0       7716   stm32f10x_usart.o
       328         28          0         20          0     261085   system_stm32f10x.o
      1806        194        256         14       2190      12998   usart.o

    ----------------------------------------------------------------------
     10714       1170        776        248       7008     564007   Object Totals
         0          0         32          0          0          0   (incl. Generated)
        16          0          3          5          2          0   (incl. Padding)

    ----------------------------------------------------------------------

      Code (inc. data)   RO Data    RW Data    ZI Data      Debug   Library Member Name

       380         52          0          0          0        124   cosf.o
        38          0          0          0          0         68   fpclassifyf.o
        24          0          0          0          0        204   funder.o
       360         16         32          0          0         88   rredf.o
       392         54          0          0          0        124   sinf.o
        44          0          0          0          0         80   sqrtf.o
         0          0          0          0          0          0   entry.o
         0          0          0          0          0          0   entry10a.o
         0          0          0          0          0          0   entry11a.o
         4          0          0          0          0          0   entry12b.o
         8          4          0          0          0          0   entry2.o
         4          0          0          0          0          0   entry5.o
         0          0          0          0          0          0   entry7b.o
         0          0          0          0          0          0   entry8b.o
         8          4          0          0          0          0   entry9a.o
        12          6          0          4          0         68   errno.o
        30          0          0          0          0          0   handlers.o
        36          8          0          0          0         68   init.o
         0          0          0          0          0          0   iusefp.o
        30          0          0          0          0         68   llshl.o
        36          0          0          0          0         68   llsshr.o
        32          0          0          0          0         68   llushr.o
        26          0          0          0          0         80   memcmp.o
        64          0          0          0          0         76   memmovea.o
        36          0          0          0          0        108   memseta.o
      2218         90          0          0          0        464   printfa.o
         0          0          0          4          0          0   stdout.o
        44          0          0          0          0         80   uidiv.o
        98          0          0          0          0         92   uldiv.o
        48          0          0          0          0         68   cdrcmple.o
        20          0          0          0          0         68   cfcmple.o
        20          0          0          0          0         68   cfrcmple.o
        56          0          0          0          0         88   d2f.o
       334          0          0          0          0        148   dadd.o
       222          0          0          0          0        100   ddiv.o
       186          0          0          0          0        176   depilogue.o
        48          0          0          0          0         68   dfixul.o
       228          0          0          0          0         96   dmul.o
        38          0          0          0          0         68   f2d.o
       176          0          0          0          0        140   fadd.o
       124          0          0          0          0         88   fdiv.o
       110          0          0          0          0        168   fepilogue.o
        50          0          0          0          0         68   ffixi.o
        40          0          0          0          0         68   ffixui.o
        18          0          0          0          0         68   fflti.o
        10          0          0          0          0         68   ffltui.o
       100          0          0          0          0         76   fmul.o
        60          0          0          0          0         76   frnd.o
        24          0          0          0          0         68   fscalb.o
        94          0          0          0          0         96   fsqrt.o

    ----------------------------------------------------------------------
      5934        234         32          8          0       3860   Library Totals
         4          0          0          0          0          0   (incl. Padding)

    ----------------------------------------------------------------------

      Code (inc. data)   RO Data    RW Data    ZI Data      Debug   Library Name

      1238        122         32          0          0        688   m_ws.l
      2686        112          0          8          0       1240   mc_w.l
      2006          0          0          0          0       1932   mf_w.l

    ----------------------------------------------------------------------
      5934        234         32          8          0       3860   Library Totals

    ----------------------------------------------------------------------

==============================================================================


      Code (inc. data)   RO Data    RW Data    ZI Data      Debug   

     16648       1404        808        256       7008     559699   Grand Totals
     16648       1404        808        256       7008     559699   ELF Image Totals
     16648       1404        808        256          0          0   ROM Totals

==============================================================================

    Total RO  Size (Code + RO Data)                17456 (  17.05kB)
    Total RW  Size (RW Data + ZI Data)              7264 (   7.09kB)
    Total ROM Size (Code + RO Data + RW Data)      17712 (  17.30kB)

==============================================================================

